
*** crates/session/src/store.rs:417:9: replace <impl crate::record_store::SessionRecordStore for GoalSessionStore>::subscribe -> Option<(Vec<SessionEvent>, broadcast::Receiver<SessionEvent>)> with Some((vec![], Receiver::from(Default::default())))

*** mutation diff:
--- crates/session/src/store.rs
+++ replace <impl crate::record_store::SessionRecordStore for GoalSessionStore>::subscribe -> Option<(Vec<SessionEvent>, broadcast::Receiver<SessionEvent>)> with Some((vec![], Receiver::from(Default::default())))
@@ -409,17 +409,17 @@
     }
     async fn events(&self, id: &str) -> Option<Vec<SessionEvent>> {
         GoalSessionStore::events(self, id).await
     }
     async fn subscribe(
         &self,
         id: &str,
     ) -> Option<(Vec<SessionEvent>, broadcast::Receiver<SessionEvent>)> {
-        GoalSessionStore::subscribe(self, id).await
+        Some((vec![], Receiver::from(Default::default()))) /* ~ changed by cargo-mutants ~ */
     }
     async fn push_event(&self, event: SessionEvent) {
         GoalSessionStore::push_event(self, event).await
     }
     async fn live_subscriber_count(&self, id: &str) -> usize {
         let map = self.inner.lock().await;
         map.get(id).map(|s| s.bus.receiver_count()).unwrap_or(0)
     }


*** C:\\Program\ Files\\Rust\ stable\ MSVC\ 1.94\\bin\\cargo.exe test --no-run --verbose --package=liberado-session@0.1.0
       Fresh unicode-ident v1.0.24
       Fresh cfg-if v1.0.4
       Fresh version_check v0.9.5
       Fresh windows-link v0.2.1
       Fresh typenum v1.20.1
       Fresh autocfg v1.5.1
       Fresh proc-macro2 v1.0.106
       Fresh equivalent v1.0.2
       Fresh hashbrown v0.17.1
       Fresh windows-sys v0.61.2
       Fresh getrandom v0.2.17
       Fresh quote v1.0.46
       Fresh serde_core v1.0.228
       Fresh zerocopy v0.8.52
       Fresh getrandom v0.3.4
       Fresh indexmap v2.14.0
       Fresh subtle v2.6.1
       Fresh scopeguard v1.2.0
       Fresh smallvec v1.15.2
       Fresh rand_core v0.6.4
       Fresh itoa v1.0.18
       Fresh syn v2.0.118
       Fresh ppv-lite86 v0.2.21
       Fresh generic-array v0.14.7
       Fresh lock_api v0.4.14
       Fresh rand_core v0.9.5
       Fresh parking_lot_core v0.9.12
       Fresh pin-project-lite v0.2.17
       Fresh winnow v0.7.15
       Fresh toml_write v0.1.2
       Fresh num-traits v0.2.19
       Fresh serde_derive v1.0.228
       Fresh crypto-common v0.1.7
       Fresh block-buffer v0.10.4
       Fresh parking_lot v0.12.5
       Fresh rand_chacha v0.3.1
       Fresh zmij v1.0.21
       Fresh thiserror-impl v2.0.18
       Fresh rand_chacha v0.9.0
       Fresh tokio-macros v2.7.0
       Fresh socket2 v0.6.4
       Fresh mio v1.2.1
       Fresh serde v1.0.228
       Fresh digest v0.10.7
       Fresh ryu v1.0.23
       Fresh cpufeatures v0.2.17
       Fresh once_cell v1.21.4
       Fresh unsafe-libyaml v0.2.11
       Fresh bytes v1.12.0
       Fresh memchr v2.8.2
       Fresh thiserror v2.0.18
       Fresh rand v0.8.6
       Fresh rand v0.9.4
       Fresh tracing-attributes v0.1.31
       Fresh async-trait v0.1.89
       Fresh serde_spanned v0.6.9
       Fresh toml_datetime v0.6.11
       Fresh tokio v1.52.3
       Fresh sha2 v0.10.9
       Fresh serde_json v1.0.150
       Fresh serde_yaml v0.9.34+deprecated
       Fresh chrono v0.4.45
       Fresh tracing-core v0.1.36
       Fresh hmac v0.12.1
       Fresh ulid v1.2.1
       Fresh toml_edit v0.22.27
       Fresh tracing v0.1.44
       Fresh toml v0.8.23
       Fresh liberado-common v0.1.0 (C:\Users\Shiloh\Code\life-os\crates\common)
       Dirty liberado-session v0.1.0 (C:\Users\Shiloh\Code\life-os\crates\session): couldn't read metadata for file `target\debug\deps\libliberado_session-fa37bea34b84dc38.rlib`
   Compiling liberado-session v0.1.0 (C:\Users\Shiloh\Code\life-os\crates\session)
     Running `rustc --crate-name liberado_session --edition=2024 'crates\session\src\lib.rs' --error-format=json --json=diagnostic-rendered-ansi,artifacts,future-incompat --crate-type lib --emit=dep-info,metadata,link -C embed-bitcode=no -C debuginfo=2 --check-cfg 'cfg(docsrs,test)' --check-cfg 'cfg(feature, values())' -C metadata=00d58da1ce5b47f4 -C extra-filename=-fa37bea34b84dc38 --out-dir 'C:\Users\Shiloh\Code\life-os\target\debug\deps' -C 'incremental=C:\Users\Shiloh\Code\life-os\target\debug\incremental' -L 'dependency=C:\Users\Shiloh\Code\life-os\target\debug\deps' --extern 'async_trait=C:\Users\Shiloh\Code\life-os\target\debug\deps\async_trait-043abcc1deda2a31.dll' --extern 'chrono=C:\Users\Shiloh\Code\life-os\target\debug\deps\libchrono-aa1fb4eeae40b30f.rmeta' --extern 'liberado_common=C:\Users\Shiloh\Code\life-os\target\debug\deps\libliberado_common-0b5cd8f72debc46b.rmeta' --extern 'serde=C:\Users\Shiloh\Code\life-os\target\debug\deps\libserde-111b90473235926b.rmeta' --extern 'serde_json=C:\Users\Shiloh\Code\life-os\target\debug\deps\libserde_json-b21bda778e97de51.rmeta' --extern 'thiserror=C:\Users\Shiloh\Code\life-os\target\debug\deps\libthiserror-3060c0d8457cb85d.rmeta' --extern 'tokio=C:\Users\Shiloh\Code\life-os\target\debug\deps\libtokio-673dafa797bd7644.rmeta' --extern 'tracing=C:\Users\Shiloh\Code\life-os\target\debug\deps\libtracing-a7e308946eeec130.rmeta' --extern 'ulid=C:\Users\Shiloh\Code\life-os\target\debug\deps\libulid-169fdba300e5a6ec.rmeta'`
     Running `rustc --crate-name liberado_session --edition=2024 'crates\session\src\lib.rs' --error-format=json --json=diagnostic-rendered-ansi,artifacts,future-incompat --emit=dep-info,link -C embed-bitcode=no -C debuginfo=2 --test --check-cfg 'cfg(docsrs,test)' --check-cfg 'cfg(feature, values())' -C metadata=f626ef0f9a4c5520 -C extra-filename=-133ba83ce3a3fc60 --out-dir 'C:\Users\Shiloh\Code\life-os\target\debug\deps' -C 'incremental=C:\Users\Shiloh\Code\life-os\target\debug\incremental' -L 'dependency=C:\Users\Shiloh\Code\life-os\target\debug\deps' --extern 'async_trait=C:\Users\Shiloh\Code\life-os\target\debug\deps\async_trait-043abcc1deda2a31.dll' --extern 'chrono=C:\Users\Shiloh\Code\life-os\target\debug\deps\libchrono-aa1fb4eeae40b30f.rlib' --extern 'liberado_common=C:\Users\Shiloh\Code\life-os\target\debug\deps\libliberado_common-0b5cd8f72debc46b.rlib' --extern 'serde=C:\Users\Shiloh\Code\life-os\target\debug\deps\libserde-111b90473235926b.rlib' --extern 'serde_json=C:\Users\Shiloh\Code\life-os\target\debug\deps\libserde_json-b21bda778e97de51.rlib' --extern 'thiserror=C:\Users\Shiloh\Code\life-os\target\debug\deps\libthiserror-3060c0d8457cb85d.rlib' --extern 'tokio=C:\Users\Shiloh\Code\life-os\target\debug\deps\libtokio-673dafa797bd7644.rlib' --extern 'tracing=C:\Users\Shiloh\Code\life-os\target\debug\deps\libtracing-a7e308946eeec130.rlib' --extern 'ulid=C:\Users\Shiloh\Code\life-os\target\debug\deps\libulid-169fdba300e5a6ec.rlib'`
error[E0433]: failed to resolve: use of undeclared type `Receiver`
   --> crates\session\src\store.rs:417:23
    |
417 |         Some((vec![], Receiver::from(Default::default()))) /* ~ changed by cargo-mutants ~ */
    |                       ^^^^^^^^ use of undeclared type `Receiver`
    |
help: consider importing one of these items
    |
 20 + use crate::store::broadcast::Receiver;
    |
 20 + use std::ops::Receiver;
    |
 20 + use std::sync::mpmc::Receiver;
    |
 20 + use std::sync::mpsc::Receiver;
    |
    = and 6 other candidates

For more information about this error, try `rustc --explain E0433`.
error: could not compile `liberado-session` (lib) due to 1 previous error

Caused by:
  process didn't exit successfully: `rustc --crate-name liberado_session --edition=2024 'crates\session\src\lib.rs' --error-format=json --json=diagnostic-rendered-ansi,artifacts,future-incompat --crate-type lib --emit=dep-info,metadata,link -C embed-bitcode=no -C debuginfo=2 --check-cfg 'cfg(docsrs,test)' --check-cfg 'cfg(feature, values())' -C metadata=00d58da1ce5b47f4 -C extra-filename=-fa37bea34b84dc38 --out-dir 'C:\Users\Shiloh\Code\life-os\target\debug\deps' -C 'incremental=C:\Users\Shiloh\Code\life-os\target\debug\incremental' -L 'dependency=C:\Users\Shiloh\Code\life-os\target\debug\deps' --extern 'async_trait=C:\Users\Shiloh\Code\life-os\target\debug\deps\async_trait-043abcc1deda2a31.dll' --extern 'chrono=C:\Users\Shiloh\Code\life-os\target\debug\deps\libchrono-aa1fb4eeae40b30f.rmeta' --extern 'liberado_common=C:\Users\Shiloh\Code\life-os\target\debug\deps\libliberado_common-0b5cd8f72debc46b.rmeta' --extern 'serde=C:\Users\Shiloh\Code\life-os\target\debug\deps\libserde-111b90473235926b.rmeta' --extern 'serde_json=C:\Users\Shiloh\Code\life-os\target\debug\deps\libserde_json-b21bda778e97de51.rmeta' --extern 'thiserror=C:\Users\Shiloh\Code\life-os\target\debug\deps\libthiserror-3060c0d8457cb85d.rmeta' --extern 'tokio=C:\Users\Shiloh\Code\life-os\target\debug\deps\libtokio-673dafa797bd7644.rmeta' --extern 'tracing=C:\Users\Shiloh\Code\life-os\target\debug\deps\libtracing-a7e308946eeec130.rmeta' --extern 'ulid=C:\Users\Shiloh\Code\life-os\target\debug\deps\libulid-169fdba300e5a6ec.rmeta'` (exit code: 1)
warning: build failed, waiting for other jobs to finish...
error: could not compile `liberado-session` (lib test) due to 1 previous error

Caused by:
  process didn't exit successfully: `rustc --crate-name liberado_session --edition=2024 'crates\session\src\lib.rs' --error-format=json --json=diagnostic-rendered-ansi,artifacts,future-incompat --emit=dep-info,link -C embed-bitcode=no -C debuginfo=2 --test --check-cfg 'cfg(docsrs,test)' --check-cfg 'cfg(feature, values())' -C metadata=f626ef0f9a4c5520 -C extra-filename=-133ba83ce3a3fc60 --out-dir 'C:\Users\Shiloh\Code\life-os\target\debug\deps' -C 'incremental=C:\Users\Shiloh\Code\life-os\target\debug\incremental' -L 'dependency=C:\Users\Shiloh\Code\life-os\target\debug\deps' --extern 'async_trait=C:\Users\Shiloh\Code\life-os\target\debug\deps\async_trait-043abcc1deda2a31.dll' --extern 'chrono=C:\Users\Shiloh\Code\life-os\target\debug\deps\libchrono-aa1fb4eeae40b30f.rlib' --extern 'liberado_common=C:\Users\Shiloh\Code\life-os\target\debug\deps\libliberado_common-0b5cd8f72debc46b.rlib' --extern 'serde=C:\Users\Shiloh\Code\life-os\target\debug\deps\libserde-111b90473235926b.rlib' --extern 'serde_json=C:\Users\Shiloh\Code\life-os\target\debug\deps\libserde_json-b21bda778e97de51.rlib' --extern 'thiserror=C:\Users\Shiloh\Code\life-os\target\debug\deps\libthiserror-3060c0d8457cb85d.rlib' --extern 'tokio=C:\Users\Shiloh\Code\life-os\target\debug\deps\libtokio-673dafa797bd7644.rlib' --extern 'tracing=C:\Users\Shiloh\Code\life-os\target\debug\deps\libtracing-a7e308946eeec130.rlib' --extern 'ulid=C:\Users\Shiloh\Code\life-os\target\debug\deps\libulid-169fdba300e5a6ec.rlib'` (exit code: 1)

*** result: Failure(101)
