
*** crates/session/src/hub.rs:449:9: replace GoalSessionHub::run_session with ()

*** mutation diff:
--- crates/session/src/hub.rs
+++ replace GoalSessionHub::run_session with ()
@@ -441,126 +441,11 @@
     async fn run_session(
         &self,
         session_id: String,
         goal: GoalSpec,
         pack: Arc<dyn DomainPackRunner>,
         inputs: InputChannel,
         cancel: watch::Receiver<bool>,
     ) {
-        self.store
-            .set_status(&session_id, SessionStatus::Running)
-            .await;
-
-        let (tx, mut rx) = mpsc::channel::<SessionEvent>(64);
-        let store = self.store.clone();
-        let alert = self.alert.clone();
-        let sid_for_pump = session_id.clone();
-        let pump = tokio::spawn(async move {
-            while let Some(ev) = rx.recv().await {
-                // E5: if the pack is waiting on a human and nobody has the stream open, ping them.
-                // Checked *before* push so we don't count a subscriber that only appears via this
-                // same event's fan-out (there isn't one — push creates no receivers).
-                if let SessionEventKind::AwaitingInput { prompt, .. } = &ev.kind
-                    && store.live_subscriber_count(&ev.session_id).await == 0
-                    && let Some(alert) = &alert
-                {
-                    alert.session_needs_you(&ev.session_id, prompt).await;
-                }
-                store.push_event(ev).await;
-            }
-            // drain complete
-            let _ = sid_for_pump;
-        });
-
-        let start = SessionEvent::new(
-            &session_id,
-            SessionEventKind::SessionStarted {
-                domain: pack.domain_id().to_string(),
-                description: goal.description.clone(),
-            },
-        );
-        let _ = tx.send(start).await;
-
-        // The grant recorded at `start_with_grant` is the session's authority for its whole life —
-        // read back from the store rather than passed along, so there is exactly one source of
-        // truth for what this session may do (and the non-widening invariant has something to hold).
-        let grant = self
-            .store
-            .get(&session_id)
-            .await
-            .map(|r| r.grant)
-            .unwrap_or_default();
-        let ctx = PackContext::new(&grant, self.store.clone(), &session_id);
-
-        // The goal opens the transcript, as the human's first turn — because it *is* one: it is the
-        // thing the human said that started all this. Recording it here rather than in each pack
-        // means every session's transcript begins with what it was actually for, and a fork taken at
-        // any later point inherits it.
-        self.store
-            .append_turn(&session_id, TurnAuthor::User, goal.description.clone())
-            .await;
-
-        let result = pack
-            .run(&session_id, &goal, &ctx, tx.clone(), inputs, cancel)
-            .await;
-
-        let (status, goal_result) = match result {
-            Ok(r) => {
-                let status = match r.terminal {
-                    TerminalKind::Succeeded => SessionStatus::Succeeded,
-                    TerminalKind::Failed => SessionStatus::Failed,
-                    TerminalKind::Cancelled => SessionStatus::Cancelled,
-                    TerminalKind::BudgetExhausted => SessionStatus::BudgetExhausted,
-                };
-                (status, r)
-            }
-            Err(PackError::Cancelled) => (
-                SessionStatus::Cancelled,
-                GoalResult {
-                    terminal: TerminalKind::Cancelled,
-                    summary: "cancelled by client".into(),
-                    artifacts: vec![],
-                    diagnostics: serde_json::json!({}),
-                },
-            ),
-            Err(e) => {
-                warn!(session_id = %session_id, error = %e, "goal session pack error");
-                (
-                    SessionStatus::Failed,
-                    GoalResult {
-                        terminal: TerminalKind::Failed,
-                        summary: e.to_string(),
-                        artifacts: vec![],
-                        diagnostics: serde_json::json!({}),
-                    },
-                )
-            }
-        };
-
-        // The outcome closes the transcript, as the session's last turn. A transcript that opens with
-        // what was asked for and ends with what came of it reads as a conversation — which is what it
-        // is — and a fork taken from the end inherits the answer rather than trailing off mid-thought.
-        self.store
-            .append_turn(
-                &session_id,
-                TurnAuthor::Assistant,
-                goal_result.summary.clone(),
-            )
-            .await;
-
-        let fin = SessionEvent::new(
-            &session_id,
-            SessionEventKind::SessionFinished {
-                status: format!("{:?}", status).to_ascii_lowercase(),
-                summary: goal_result.summary.clone(),
-            },
-        );
-        let _ = tx.send(fin).await;
-        drop(tx);
-        let _ = pump.await;
-
-        self.store.finish(&session_id, status, goal_result).await;
-        self.cancels.lock().await.remove(&session_id);
-        // Drop the input sender so any late `send_input` fails cleanly instead of blocking.
-        self.inputs.lock().await.remove(&session_id);
+        () /* ~ changed by cargo-mutants ~ */
     }
 }


*** C:\\Program\ Files\\Rust\ stable\ MSVC\ 1.94\\bin\\cargo.exe test --no-run --verbose --package=liberado-session@0.1.0
       Fresh unicode-ident v1.0.24
       Fresh cfg-if v1.0.4
       Fresh version_check v0.9.5
       Fresh windows-link v0.2.1
       Fresh typenum v1.20.1
       Fresh hashbrown v0.17.1
       Fresh proc-macro2 v1.0.106
       Fresh autocfg v1.5.1
       Fresh equivalent v1.0.2
       Fresh windows-sys v0.61.2
       Fresh getrandom v0.2.17
       Fresh subtle v2.6.1
       Fresh quote v1.0.46
       Fresh serde_core v1.0.228
       Fresh zerocopy v0.8.52
       Fresh indexmap v2.14.0
       Fresh getrandom v0.3.4
       Fresh smallvec v1.15.2
       Fresh scopeguard v1.2.0
       Fresh rand_core v0.6.4
       Fresh pin-project-lite v0.2.17
       Fresh itoa v1.0.18
       Fresh syn v2.0.118
       Fresh generic-array v0.14.7
       Fresh ppv-lite86 v0.2.21
       Fresh parking_lot_core v0.9.12
       Fresh rand_core v0.9.5
       Fresh lock_api v0.4.14
       Fresh toml_write v0.1.2
       Fresh winnow v0.7.15
       Fresh socket2 v0.6.4
       Fresh serde_derive v1.0.228
       Fresh crypto-common v0.1.7
       Fresh block-buffer v0.10.4
       Fresh rand_chacha v0.3.1
       Fresh tokio-macros v2.7.0
       Fresh zmij v1.0.21
       Fresh parking_lot v0.12.5
       Fresh num-traits v0.2.19
       Fresh rand_chacha v0.9.0
       Fresh thiserror-impl v2.0.18
       Fresh mio v1.2.1
       Fresh serde v1.0.228
       Fresh digest v0.10.7
       Fresh cpufeatures v0.2.17
       Fresh ryu v1.0.23
       Fresh memchr v2.8.2
       Fresh unsafe-libyaml v0.2.11
       Fresh once_cell v1.21.4
       Fresh bytes v1.12.0
       Fresh rand v0.9.4
       Fresh rand v0.8.6
       Fresh thiserror v2.0.18
       Fresh tracing-attributes v0.1.31
       Fresh async-trait v0.1.89
       Fresh serde_spanned v0.6.9
       Fresh toml_datetime v0.6.11
       Fresh serde_json v1.0.150
       Fresh sha2 v0.10.9
       Fresh hmac v0.12.1
       Fresh chrono v0.4.45
       Fresh serde_yaml v0.9.34+deprecated
       Fresh tracing-core v0.1.36
       Fresh tokio v1.52.3
       Fresh ulid v1.2.1
       Fresh toml_edit v0.22.27
       Fresh tracing v0.1.44
       Fresh toml v0.8.23
       Fresh liberado-common v0.1.0 (C:\Users\Shiloh\Code\life-os\crates\common)
       Dirty liberado-session v0.1.0 (C:\Users\Shiloh\Code\life-os\crates\session): couldn't read metadata for file `target\debug\deps\libliberado_session-fa37bea34b84dc38.rlib`
   Compiling liberado-session v0.1.0 (C:\Users\Shiloh\Code\life-os\crates\session)
     Running `rustc --crate-name liberado_session --edition=2024 'crates\session\src\lib.rs' --error-format=json --json=diagnostic-rendered-ansi,artifacts,future-incompat --emit=dep-info,link -C embed-bitcode=no -C debuginfo=2 --test --check-cfg 'cfg(docsrs,test)' --check-cfg 'cfg(feature, values())' -C metadata=f626ef0f9a4c5520 -C extra-filename=-133ba83ce3a3fc60 --out-dir 'C:\Users\Shiloh\Code\life-os\target\debug\deps' -C 'incremental=C:\Users\Shiloh\Code\life-os\target\debug\incremental' -L 'dependency=C:\Users\Shiloh\Code\life-os\target\debug\deps' --extern 'async_trait=C:\Users\Shiloh\Code\life-os\target\debug\deps\async_trait-043abcc1deda2a31.dll' --extern 'chrono=C:\Users\Shiloh\Code\life-os\target\debug\deps\libchrono-aa1fb4eeae40b30f.rlib' --extern 'liberado_common=C:\Users\Shiloh\Code\life-os\target\debug\deps\libliberado_common-0b5cd8f72debc46b.rlib' --extern 'serde=C:\Users\Shiloh\Code\life-os\target\debug\deps\libserde-111b90473235926b.rlib' --extern 'serde_json=C:\Users\Shiloh\Code\life-os\target\debug\deps\libserde_json-b21bda778e97de51.rlib' --extern 'thiserror=C:\Users\Shiloh\Code\life-os\target\debug\deps\libthiserror-3060c0d8457cb85d.rlib' --extern 'tokio=C:\Users\Shiloh\Code\life-os\target\debug\deps\libtokio-673dafa797bd7644.rlib' --extern 'tracing=C:\Users\Shiloh\Code\life-os\target\debug\deps\libtracing-a7e308946eeec130.rlib' --extern 'ulid=C:\Users\Shiloh\Code\life-os\target\debug\deps\libulid-169fdba300e5a6ec.rlib'`
     Running `rustc --crate-name liberado_session --edition=2024 'crates\session\src\lib.rs' --error-format=json --json=diagnostic-rendered-ansi,artifacts,future-incompat --crate-type lib --emit=dep-info,metadata,link -C embed-bitcode=no -C debuginfo=2 --check-cfg 'cfg(docsrs,test)' --check-cfg 'cfg(feature, values())' -C metadata=00d58da1ce5b47f4 -C extra-filename=-fa37bea34b84dc38 --out-dir 'C:\Users\Shiloh\Code\life-os\target\debug\deps' -C 'incremental=C:\Users\Shiloh\Code\life-os\target\debug\incremental' -L 'dependency=C:\Users\Shiloh\Code\life-os\target\debug\deps' --extern 'async_trait=C:\Users\Shiloh\Code\life-os\target\debug\deps\async_trait-043abcc1deda2a31.dll' --extern 'chrono=C:\Users\Shiloh\Code\life-os\target\debug\deps\libchrono-aa1fb4eeae40b30f.rmeta' --extern 'liberado_common=C:\Users\Shiloh\Code\life-os\target\debug\deps\libliberado_common-0b5cd8f72debc46b.rmeta' --extern 'serde=C:\Users\Shiloh\Code\life-os\target\debug\deps\libserde-111b90473235926b.rmeta' --extern 'serde_json=C:\Users\Shiloh\Code\life-os\target\debug\deps\libserde_json-b21bda778e97de51.rmeta' --extern 'thiserror=C:\Users\Shiloh\Code\life-os\target\debug\deps\libthiserror-3060c0d8457cb85d.rmeta' --extern 'tokio=C:\Users\Shiloh\Code\life-os\target\debug\deps\libtokio-673dafa797bd7644.rmeta' --extern 'tracing=C:\Users\Shiloh\Code\life-os\target\debug\deps\libtracing-a7e308946eeec130.rmeta' --extern 'ulid=C:\Users\Shiloh\Code\life-os\target\debug\deps\libulid-169fdba300e5a6ec.rmeta'`
warning: unused import: `warn`
 --> crates\session\src\hub.rs:8:28
  |
8 | use tracing::{debug, info, warn};
  |                            ^^^^
  |
  = note: `#[warn(unused_imports)]` (part of `#[warn(unused)]`) on by default

warning: unused imports: `GoalResult` and `TerminalKind`
  --> crates\session\src\hub.rs:12:5
   |
12 |     GoalResult, GoalSessionRecord, GoalSpec, SessionGrant, SessionStatus, TerminalKind, Visibility,
   |     ^^^^^^^^^^                                                            ^^^^^^^^^^^^

warning: unused import: `PackError`
  --> crates\session\src\hub.rs:15:78
   |
15 | use crate::runner::{DomainPackRunner, HumanInput, InputChannel, PackContext, PackError};
   |                                                                              ^^^^^^^^^

warning: unused variable: `session_id`
   --> crates\session\src\hub.rs:443:9
    |
443 |         session_id: String,
    |         ^^^^^^^^^^ help: if this is intentional, prefix it with an underscore: `_session_id`
    |
    = note: `#[warn(unused_variables)]` (part of `#[warn(unused)]`) on by default

warning: unused variable: `goal`
   --> crates\session\src\hub.rs:444:9
    |
444 |         goal: GoalSpec,
    |         ^^^^ help: if this is intentional, prefix it with an underscore: `_goal`

warning: unused variable: `pack`
   --> crates\session\src\hub.rs:445:9
    |
445 |         pack: Arc<dyn DomainPackRunner>,
    |         ^^^^ help: if this is intentional, prefix it with an underscore: `_pack`

warning: unused variable: `inputs`
   --> crates\session\src\hub.rs:446:9
    |
446 |         inputs: InputChannel,
    |         ^^^^^^ help: if this is intentional, prefix it with an underscore: `_inputs`

warning: unused variable: `cancel`
   --> crates\session\src\hub.rs:447:9
    |
447 |         cancel: watch::Receiver<bool>,
    |         ^^^^^^ help: if this is intentional, prefix it with an underscore: `_cancel`

warning: `liberado-session` (lib) generated 8 warnings (run `cargo fix --lib -p liberado-session` to apply 8 suggestions)
warning: `liberado-session` (lib test) generated 8 warnings (8 duplicates)
    Finished `test` profile [unoptimized + debuginfo] target(s) in 1.43s
  Executable `C:\Users\Shiloh\Code\life-os\target\debug\deps\liberado_session-133ba83ce3a3fc60.exe`

*** result: Success

*** C:\\Program\ Files\\Rust\ stable\ MSVC\ 1.94\\bin\\cargo.exe test --verbose --package=liberado-session@0.1.0
       Fresh unicode-ident v1.0.24
       Fresh cfg-if v1.0.4
       Fresh version_check v0.9.5
       Fresh windows-link v0.2.1
       Fresh typenum v1.20.1
       Fresh autocfg v1.5.1
       Fresh equivalent v1.0.2
       Fresh proc-macro2 v1.0.106
       Fresh hashbrown v0.17.1
       Fresh windows-sys v0.61.2
       Fresh getrandom v0.2.17
       Fresh scopeguard v1.2.0
       Fresh quote v1.0.46
       Fresh serde_core v1.0.228
       Fresh zerocopy v0.8.52
       Fresh getrandom v0.3.4
       Fresh indexmap v2.14.0
       Fresh subtle v2.6.1
       Fresh smallvec v1.15.2
       Fresh rand_core v0.6.4
       Fresh lock_api v0.4.14
       Fresh syn v2.0.118
       Fresh generic-array v0.14.7
       Fresh ppv-lite86 v0.2.21
       Fresh parking_lot_core v0.9.12
       Fresh rand_core v0.9.5
       Fresh toml_write v0.1.2
       Fresh itoa v1.0.18
       Fresh pin-project-lite v0.2.17
       Fresh winnow v0.7.15
       Fresh num-traits v0.2.19
       Fresh serde_derive v1.0.228
       Fresh block-buffer v0.10.4
       Fresh crypto-common v0.1.7
       Fresh zmij v1.0.21
       Fresh rand_chacha v0.9.0
       Fresh parking_lot v0.12.5
       Fresh thiserror-impl v2.0.18
       Fresh tokio-macros v2.7.0
       Fresh rand_chacha v0.3.1
       Fresh socket2 v0.6.4
       Fresh mio v1.2.1
       Fresh serde v1.0.228
       Fresh digest v0.10.7
       Fresh cpufeatures v0.2.17
       Fresh ryu v1.0.23
       Fresh unsafe-libyaml v0.2.11
       Fresh bytes v1.12.0
       Fresh once_cell v1.21.4
       Fresh memchr v2.8.2
       Fresh thiserror v2.0.18
       Fresh rand v0.8.6
       Fresh rand v0.9.4
       Fresh tracing-attributes v0.1.31
       Fresh async-trait v0.1.89
       Fresh toml_datetime v0.6.11
       Fresh serde_spanned v0.6.9
       Fresh serde_yaml v0.9.34+deprecated
       Fresh tokio v1.52.3
       Fresh chrono v0.4.45
       Fresh tracing-core v0.1.36
       Fresh serde_json v1.0.150
       Fresh sha2 v0.10.9
       Fresh hmac v0.12.1
       Fresh ulid v1.2.1
       Fresh toml_edit v0.22.27
       Fresh tracing v0.1.44
       Fresh toml v0.8.23
       Fresh liberado-common v0.1.0 (C:\Users\Shiloh\Code\life-os\crates\common)
warning: unused import: `warn`
 --> crates\session\src\hub.rs:8:28
  |
8 | use tracing::{debug, info, warn};
  |                            ^^^^
  |
  = note: `#[warn(unused_imports)]` (part of `#[warn(unused)]`) on by default

warning: unused imports: `GoalResult` and `TerminalKind`
  --> crates\session\src\hub.rs:12:5
   |
12 |     GoalResult, GoalSessionRecord, GoalSpec, SessionGrant, SessionStatus, TerminalKind, Visibility,
   |     ^^^^^^^^^^                                                            ^^^^^^^^^^^^

warning: unused import: `PackError`
  --> crates\session\src\hub.rs:15:78
   |
15 | use crate::runner::{DomainPackRunner, HumanInput, InputChannel, PackContext, PackError};
   |                                                                              ^^^^^^^^^

warning: unused variable: `session_id`
   --> crates\session\src\hub.rs:443:9
    |
443 |         session_id: String,
    |         ^^^^^^^^^^ help: if this is intentional, prefix it with an underscore: `_session_id`
    |
    = note: `#[warn(unused_variables)]` (part of `#[warn(unused)]`) on by default

warning: unused variable: `goal`
   --> crates\session\src\hub.rs:444:9
    |
444 |         goal: GoalSpec,
    |         ^^^^ help: if this is intentional, prefix it with an underscore: `_goal`

warning: unused variable: `pack`
   --> crates\session\src\hub.rs:445:9
    |
445 |         pack: Arc<dyn DomainPackRunner>,
    |         ^^^^ help: if this is intentional, prefix it with an underscore: `_pack`

warning: unused variable: `inputs`
   --> crates\session\src\hub.rs:446:9
    |
446 |         inputs: InputChannel,
    |         ^^^^^^ help: if this is intentional, prefix it with an underscore: `_inputs`

warning: unused variable: `cancel`
   --> crates\session\src\hub.rs:447:9
    |
447 |         cancel: watch::Receiver<bool>,
    |         ^^^^^^ help: if this is intentional, prefix it with an underscore: `_cancel`

warning: `liberado-session` (lib) generated 8 warnings (run `cargo fix --lib -p liberado-session` to apply 8 suggestions)
warning: `liberado-session` (lib test) generated 8 warnings (8 duplicates)
       Fresh liberado-session v0.1.0 (C:\Users\Shiloh\Code\life-os\crates\session)
    Finished `test` profile [unoptimized + debuginfo] target(s) in 0.21s
     Running `C:\Users\Shiloh\Code\life-os\target\debug\deps\liberado_session-133ba83ce3a3fc60.exe`

running 16 tests
test goal::tests::origin_round_trips_and_is_omitted_when_absent ... ok
test life_demo::tests::send_input_to_unknown_session_is_distinct_from_terminal ... ok
test life_demo::tests::unknown_domain_rejected ... ok
test life_demo::tests::a_parked_session_is_not_told_it_finished ... ok
test life_demo::tests::a_session_without_ask_human_refuses_input_as_not_permitted ... ok
test store::tests::in_memory_store_persists_nothing ... ok
test store::tests::mid_execution_session_is_coerced_to_failed_on_rehydrate ... ok
test store::tests::durable_store_rehydrates_a_finished_session ... ok
test store::tests::awaiting_session_is_parked_on_rehydrate_not_failed ... ok
test life_demo::tests::a_grant_is_never_widened_by_sending_input ... FAILED
test life_demo::tests::answering_a_parked_session_resumes_the_pack_with_its_transcript ... FAILED
test life_demo::tests::life_domain_session_succeeds_without_coding_pack ... FAILED
test life_demo::tests::interactive_session_asks_awaits_and_echoes_the_answer ... FAILED
test life_demo::tests::interactive_session_idle_budget_terminates_budget_exhausted ... FAILED
test life_demo::tests::send_input_to_finished_session_errors ... FAILED
test life_demo::tests::a_session_that_may_ask_but_not_write_is_refused_at_the_write ... FAILED

failures:

---- life_demo::tests::a_grant_is_never_widened_by_sending_input stdout ----

thread 'life_demo::tests::a_grant_is_never_widened_by_sending_input' (4136) panicked at crates\session\src\life_demo.rs:636:29:
session never awaited input

---- life_demo::tests::answering_a_parked_session_resumes_the_pack_with_its_transcript stdout ----

thread 'life_demo::tests::answering_a_parked_session_resumes_the_pack_with_its_transcript' (25320) panicked at crates\session\src\life_demo.rs:380:9:
session parked-2 did not finish

---- life_demo::tests::life_domain_session_succeeds_without_coding_pack stdout ----

thread 'life_demo::tests::life_domain_session_succeeds_without_coding_pack' (19720) panicked at crates\session\src\life_demo.rs:695:9:
life session did not finish

---- life_demo::tests::interactive_session_asks_awaits_and_echoes_the_answer stdout ----

thread 'life_demo::tests::interactive_session_asks_awaits_and_echoes_the_answer' (2640) panicked at crates\session\src\life_demo.rs:422:9:
pack never reached AwaitingInput

---- life_demo::tests::interactive_session_idle_budget_terminates_budget_exhausted stdout ----

thread 'life_demo::tests::interactive_session_idle_budget_terminates_budget_exhausted' (7096) panicked at crates\session\src\life_demo.rs:380:9:
session 01KXGDRP624KSPT9230GTKEHRR did not finish
note: run with `RUST_BACKTRACE=1` environment variable to display a backtrace

---- life_demo::tests::send_input_to_finished_session_errors stdout ----

thread 'life_demo::tests::send_input_to_finished_session_errors' (3724) panicked at crates\session\src\life_demo.rs:380:9:
session 01KXGDRP62ZJRYMEV0Y5D57RC6 did not finish

---- life_demo::tests::a_session_that_may_ask_but_not_write_is_refused_at_the_write stdout ----

thread 'life_demo::tests::a_session_that_may_ask_but_not_write_is_refused_at_the_write' (26084) panicked at crates\session\src\life_demo.rs:583:52:
called `Result::unwrap()` on an `Err` value: Closed


failures:
    life_demo::tests::a_grant_is_never_widened_by_sending_input
    life_demo::tests::a_session_that_may_ask_but_not_write_is_refused_at_the_write
    life_demo::tests::answering_a_parked_session_resumes_the_pack_with_its_transcript
    life_demo::tests::interactive_session_asks_awaits_and_echoes_the_answer
    life_demo::tests::interactive_session_idle_budget_terminates_budget_exhausted
    life_demo::tests::life_domain_session_succeeds_without_coding_pack
    life_demo::tests::send_input_to_finished_session_errors

test result: FAILED. 9 passed; 7 failed; 0 ignored; 0 measured; 0 filtered out; finished in 1.56s

error: test failed, to rerun pass `-p liberado-session --lib`

*** result: Failure(101)
