
*** crates/session/src/hub.rs:311:9: replace GoalSessionHub::resume -> Result<(), SendInputError> with Ok(())

*** mutation diff:
--- crates/session/src/hub.rs
+++ replace GoalSessionHub::resume -> Result<(), SendInputError> with Ok(())
@@ -303,71 +303,17 @@
     /// ([`DomainPackRunner::can_resume`]) — the coding pack says no once the build has started,
     /// because re-running it would redo real filesystem work with no checkpoint. That refusal is
     /// honest rather than optimistic: the session stays parked and says so.
     pub async fn resume(
         self: &Arc<Self>,
         id: &str,
         answer: impl Into<String>,
     ) -> Result<(), SendInputError> {
-        let answer = answer.into();
-        let record = self.store.get(id).await.ok_or(SendInputError::Unknown)?;
-
-        if !record.grant.grants_ask_human() {
-            return Err(SendInputError::NotPermitted);
-        }
-        if record.status != SessionStatus::Parked {
-            // Not parked: either it is live (and `send_input` is the right door), or it is over.
-            return Err(if record.status.is_terminal() {
-                SendInputError::Terminal
-            } else {
-                SendInputError::Closed
-            });
-        }
-
-        let Some(pack) = self.packs.get(record.goal.domain.as_str()).cloned() else {
-            return Err(SendInputError::Terminal);
-        };
-        let ctx = PackContext::new(&record.grant, self.store.clone(), id);
-        if !pack.can_resume(&ctx).await {
-            // The pack cannot rebuild itself from the transcript — for the coding pack this means
-            // the build had already started. Leave it parked and honest rather than silently
-            // re-running work that touched the filesystem.
-            return Err(SendInputError::Parked);
-        }
-
-        // The answer joins the transcript first, so the pack sees it on `prior_turns()`.
-        self.store
-            .append_turn(id, TurnAuthor::User, answer.clone())
-            .await;
-        // …and the event, so a live surface renders it and `awaiting_input` clears.
-        self.store
-            .push_event(SessionEvent::new(
-                id,
-                SessionEventKind::HumanInput { text: answer },
-            ))
-            .await;
-
-        let mut goal = record.goal.clone();
-        goal.id = Some(id.to_string());
-
-        let (cancel_tx, cancel_rx) = watch::channel(false);
-        self.cancels.lock().await.insert(id.to_string(), cancel_tx);
-        let (input_tx, input_rx) = mpsc::channel::<HumanInput>(INPUT_CHANNEL_CAPACITY);
-        self.inputs.lock().await.insert(id.to_string(), input_tx);
-        let idle_budget = goal.max_idle_secs.map(Duration::from_secs);
-        let inputs = InputChannel::new(input_rx, idle_budget);
-
-        let hub = Arc::clone(self);
-        let session_id = id.to_string();
-        tokio::spawn(async move {
-            hub.run_session(session_id, goal, pack, inputs, cancel_rx)
-                .await;
-        });
-        Ok(())
+        Ok(()) /* ~ changed by cargo-mutants ~ */
     }
 
     /// Deliver a human message into a running interactive session. Errors if the session is
     /// unknown or finished (its input sender was removed at teardown) — distinguished as
     /// [`SendInputError::Unknown`] vs [`SendInputError::Terminal`] so the HTTP layer can answer 404
     /// vs 409. The accepted input is **echoed into the transcript** as a
     /// [`SessionEventKind::HumanInput`] event here — so the history is complete regardless of what
     /// the pack does with it.


*** C:\\Program\ Files\\Rust\ stable\ MSVC\ 1.94\\bin\\cargo.exe test --no-run --verbose --package=liberado-session@0.1.0
       Fresh unicode-ident v1.0.24
       Fresh cfg-if v1.0.4
       Fresh version_check v0.9.5
       Fresh windows-link v0.2.1
       Fresh typenum v1.20.1
       Fresh equivalent v1.0.2
       Fresh hashbrown v0.17.1
       Fresh proc-macro2 v1.0.106
       Fresh autocfg v1.5.1
       Fresh indexmap v2.14.0
       Fresh getrandom v0.2.17
       Fresh windows-sys v0.61.2
       Fresh smallvec v1.15.2
       Fresh quote v1.0.46
       Fresh serde_core v1.0.228
       Fresh zerocopy v0.8.52
       Fresh getrandom v0.3.4
       Fresh subtle v2.6.1
       Fresh scopeguard v1.2.0
       Fresh rand_core v0.6.4
       Fresh syn v2.0.118
       Fresh ppv-lite86 v0.2.21
       Fresh generic-array v0.14.7
       Fresh lock_api v0.4.14
       Fresh rand_core v0.9.5
       Fresh parking_lot_core v0.9.12
       Fresh itoa v1.0.18
       Fresh pin-project-lite v0.2.17
       Fresh winnow v0.7.15
       Fresh toml_write v0.1.2
       Fresh serde_derive v1.0.228
       Fresh block-buffer v0.10.4
       Fresh crypto-common v0.1.7
       Fresh rand_chacha v0.3.1
       Fresh zmij v1.0.21
       Fresh parking_lot v0.12.5
       Fresh tokio-macros v2.7.0
       Fresh num-traits v0.2.19
       Fresh rand_chacha v0.9.0
       Fresh thiserror-impl v2.0.18
       Fresh mio v1.2.1
       Fresh socket2 v0.6.4
       Fresh serde v1.0.228
       Fresh digest v0.10.7
       Fresh bytes v1.12.0
       Fresh memchr v2.8.2
       Fresh once_cell v1.21.4
       Fresh cpufeatures v0.2.17
       Fresh unsafe-libyaml v0.2.11
       Fresh ryu v1.0.23
       Fresh thiserror v2.0.18
       Fresh rand v0.8.6
       Fresh rand v0.9.4
       Fresh async-trait v0.1.89
       Fresh tracing-attributes v0.1.31
       Fresh toml_datetime v0.6.11
       Fresh serde_spanned v0.6.9
       Fresh hmac v0.12.1
       Fresh tracing-core v0.1.36
       Fresh chrono v0.4.45
       Fresh serde_json v1.0.150
       Fresh tokio v1.52.3
       Fresh serde_yaml v0.9.34+deprecated
       Fresh sha2 v0.10.9
       Fresh ulid v1.2.1
       Fresh toml_edit v0.22.27
       Fresh tracing v0.1.44
       Fresh toml v0.8.23
       Fresh liberado-common v0.1.0 (C:\Users\Shiloh\Code\life-os\crates\common)
       Dirty liberado-session v0.1.0 (C:\Users\Shiloh\Code\life-os\crates\session): the file `crates\session\src\hub.rs` has changed (13428510048.629505700s, 2s after last build at 13428510046.648117400s)
   Compiling liberado-session v0.1.0 (C:\Users\Shiloh\Code\life-os\crates\session)
     Running `rustc --crate-name liberado_session --edition=2024 'crates\session\src\lib.rs' --error-format=json --json=diagnostic-rendered-ansi,artifacts,future-incompat --emit=dep-info,link -C embed-bitcode=no -C debuginfo=2 --test --check-cfg 'cfg(docsrs,test)' --check-cfg 'cfg(feature, values())' -C metadata=f626ef0f9a4c5520 -C extra-filename=-133ba83ce3a3fc60 --out-dir 'C:\Users\Shiloh\Code\life-os\target\debug\deps' -C 'incremental=C:\Users\Shiloh\Code\life-os\target\debug\incremental' -L 'dependency=C:\Users\Shiloh\Code\life-os\target\debug\deps' --extern 'async_trait=C:\Users\Shiloh\Code\life-os\target\debug\deps\async_trait-043abcc1deda2a31.dll' --extern 'chrono=C:\Users\Shiloh\Code\life-os\target\debug\deps\libchrono-aa1fb4eeae40b30f.rlib' --extern 'liberado_common=C:\Users\Shiloh\Code\life-os\target\debug\deps\libliberado_common-0b5cd8f72debc46b.rlib' --extern 'serde=C:\Users\Shiloh\Code\life-os\target\debug\deps\libserde-111b90473235926b.rlib' --extern 'serde_json=C:\Users\Shiloh\Code\life-os\target\debug\deps\libserde_json-b21bda778e97de51.rlib' --extern 'thiserror=C:\Users\Shiloh\Code\life-os\target\debug\deps\libthiserror-3060c0d8457cb85d.rlib' --extern 'tokio=C:\Users\Shiloh\Code\life-os\target\debug\deps\libtokio-673dafa797bd7644.rlib' --extern 'tracing=C:\Users\Shiloh\Code\life-os\target\debug\deps\libtracing-a7e308946eeec130.rlib' --extern 'ulid=C:\Users\Shiloh\Code\life-os\target\debug\deps\libulid-169fdba300e5a6ec.rlib'`
     Running `rustc --crate-name liberado_session --edition=2024 'crates\session\src\lib.rs' --error-format=json --json=diagnostic-rendered-ansi,artifacts,future-incompat --crate-type lib --emit=dep-info,metadata,link -C embed-bitcode=no -C debuginfo=2 --check-cfg 'cfg(docsrs,test)' --check-cfg 'cfg(feature, values())' -C metadata=00d58da1ce5b47f4 -C extra-filename=-fa37bea34b84dc38 --out-dir 'C:\Users\Shiloh\Code\life-os\target\debug\deps' -C 'incremental=C:\Users\Shiloh\Code\life-os\target\debug\incremental' -L 'dependency=C:\Users\Shiloh\Code\life-os\target\debug\deps' --extern 'async_trait=C:\Users\Shiloh\Code\life-os\target\debug\deps\async_trait-043abcc1deda2a31.dll' --extern 'chrono=C:\Users\Shiloh\Code\life-os\target\debug\deps\libchrono-aa1fb4eeae40b30f.rmeta' --extern 'liberado_common=C:\Users\Shiloh\Code\life-os\target\debug\deps\libliberado_common-0b5cd8f72debc46b.rmeta' --extern 'serde=C:\Users\Shiloh\Code\life-os\target\debug\deps\libserde-111b90473235926b.rmeta' --extern 'serde_json=C:\Users\Shiloh\Code\life-os\target\debug\deps\libserde_json-b21bda778e97de51.rmeta' --extern 'thiserror=C:\Users\Shiloh\Code\life-os\target\debug\deps\libthiserror-3060c0d8457cb85d.rmeta' --extern 'tokio=C:\Users\Shiloh\Code\life-os\target\debug\deps\libtokio-673dafa797bd7644.rmeta' --extern 'tracing=C:\Users\Shiloh\Code\life-os\target\debug\deps\libtracing-a7e308946eeec130.rmeta' --extern 'ulid=C:\Users\Shiloh\Code\life-os\target\debug\deps\libulid-169fdba300e5a6ec.rmeta'`
warning: unused variable: `id`
   --> crates\session\src\hub.rs:308:9
    |
308 |         id: &str,
    |         ^^ help: if this is intentional, prefix it with an underscore: `_id`
    |
    = note: `#[warn(unused_variables)]` (part of `#[warn(unused)]`) on by default

warning: unused variable: `answer`
   --> crates\session\src\hub.rs:309:9
    |
309 |         answer: impl Into<String>,
    |         ^^^^^^ help: if this is intentional, prefix it with an underscore: `_answer`

warning: `liberado-session` (lib) generated 2 warnings (run `cargo fix --lib -p liberado-session` to apply 2 suggestions)
warning: `liberado-session` (lib test) generated 2 warnings (2 duplicates)
    Finished `test` profile [unoptimized + debuginfo] target(s) in 1.51s
  Executable `C:\Users\Shiloh\Code\life-os\target\debug\deps\liberado_session-133ba83ce3a3fc60.exe`

*** result: Success

*** C:\\Program\ Files\\Rust\ stable\ MSVC\ 1.94\\bin\\cargo.exe test --verbose --package=liberado-session@0.1.0
       Fresh unicode-ident v1.0.24
       Fresh cfg-if v1.0.4
       Fresh version_check v0.9.5
       Fresh windows-link v0.2.1
       Fresh typenum v1.20.1
       Fresh autocfg v1.5.1
       Fresh proc-macro2 v1.0.106
       Fresh equivalent v1.0.2
       Fresh hashbrown v0.17.1
       Fresh getrandom v0.2.17
       Fresh windows-sys v0.61.2
       Fresh quote v1.0.46
       Fresh serde_core v1.0.228
       Fresh zerocopy v0.8.52
       Fresh getrandom v0.3.4
       Fresh indexmap v2.14.0
       Fresh scopeguard v1.2.0
       Fresh subtle v2.6.1
       Fresh smallvec v1.15.2
       Fresh rand_core v0.6.4
       Fresh winnow v0.7.15
       Fresh syn v2.0.118
       Fresh ppv-lite86 v0.2.21
       Fresh generic-array v0.14.7
       Fresh lock_api v0.4.14
       Fresh parking_lot_core v0.9.12
       Fresh rand_core v0.9.5
       Fresh toml_write v0.1.2
       Fresh itoa v1.0.18
       Fresh pin-project-lite v0.2.17
       Fresh num-traits v0.2.19
       Fresh serde_derive v1.0.228
       Fresh block-buffer v0.10.4
       Fresh crypto-common v0.1.7
       Fresh zmij v1.0.21
       Fresh rand_chacha v0.9.0
       Fresh tokio-macros v2.7.0
       Fresh parking_lot v0.12.5
       Fresh thiserror-impl v2.0.18
       Fresh rand_chacha v0.3.1
       Fresh mio v1.2.1
       Fresh socket2 v0.6.4
       Fresh serde v1.0.228
       Fresh digest v0.10.7
       Fresh unsafe-libyaml v0.2.11
       Fresh memchr v2.8.2
       Fresh ryu v1.0.23
       Fresh cpufeatures v0.2.17
       Fresh once_cell v1.21.4
       Fresh bytes v1.12.0
       Fresh rand v0.8.6
       Fresh thiserror v2.0.18
       Fresh rand v0.9.4
       Fresh tracing-attributes v0.1.31
       Fresh async-trait v0.1.89
       Fresh toml_datetime v0.6.11
       Fresh serde_spanned v0.6.9
       Fresh sha2 v0.10.9
       Fresh serde_yaml v0.9.34+deprecated
       Fresh tokio v1.52.3
       Fresh hmac v0.12.1
       Fresh serde_json v1.0.150
       Fresh tracing-core v0.1.36
       Fresh chrono v0.4.45
       Fresh ulid v1.2.1
       Fresh toml_edit v0.22.27
       Fresh tracing v0.1.44
       Fresh toml v0.8.23
       Fresh liberado-common v0.1.0 (C:\Users\Shiloh\Code\life-os\crates\common)
warning: unused variable: `id`
   --> crates\session\src\hub.rs:308:9
    |
308 |         id: &str,
    |         ^^ help: if this is intentional, prefix it with an underscore: `_id`
    |
    = note: `#[warn(unused_variables)]` (part of `#[warn(unused)]`) on by default

warning: unused variable: `answer`
   --> crates\session\src\hub.rs:309:9
    |
309 |         answer: impl Into<String>,
    |         ^^^^^^ help: if this is intentional, prefix it with an underscore: `_answer`

warning: `liberado-session` (lib) generated 2 warnings (run `cargo fix --lib -p liberado-session` to apply 2 suggestions)
warning: `liberado-session` (lib test) generated 2 warnings (2 duplicates)
       Fresh liberado-session v0.1.0 (C:\Users\Shiloh\Code\life-os\crates\session)
    Finished `test` profile [unoptimized + debuginfo] target(s) in 0.21s
     Running `C:\Users\Shiloh\Code\life-os\target\debug\deps\liberado_session-133ba83ce3a3fc60.exe`

running 16 tests
test goal::tests::origin_round_trips_and_is_omitted_when_absent ... ok
test life_demo::tests::unknown_domain_rejected ... ok
test life_demo::tests::send_input_to_unknown_session_is_distinct_from_terminal ... ok
test life_demo::tests::a_parked_session_is_not_told_it_finished ... ok
test life_demo::tests::a_session_without_ask_human_refuses_input_as_not_permitted ... ok
test store::tests::in_memory_store_persists_nothing ... ok
test store::tests::awaiting_session_is_parked_on_rehydrate_not_failed ... ok
test store::tests::mid_execution_session_is_coerced_to_failed_on_rehydrate ... ok
test store::tests::durable_store_rehydrates_a_finished_session ... ok
test life_demo::tests::interactive_session_idle_budget_terminates_budget_exhausted ... ok
test life_demo::tests::a_session_that_may_ask_but_not_write_is_refused_at_the_write ... ok
test life_demo::tests::a_grant_is_never_widened_by_sending_input ... ok
test life_demo::tests::interactive_session_asks_awaits_and_echoes_the_answer ... ok
test life_demo::tests::send_input_to_finished_session_errors ... ok
test life_demo::tests::life_domain_session_succeeds_without_coding_pack ... ok
test life_demo::tests::answering_a_parked_session_resumes_the_pack_with_its_transcript ... FAILED

failures:

---- life_demo::tests::answering_a_parked_session_resumes_the_pack_with_its_transcript stdout ----

thread 'life_demo::tests::answering_a_parked_session_resumes_the_pack_with_its_transcript' (18476) panicked at crates\session\src\life_demo.rs:380:9:
session parked-2 did not finish
note: run with `RUST_BACKTRACE=1` environment variable to display a backtrace


failures:
    life_demo::tests::answering_a_parked_session_resumes_the_pack_with_its_transcript

test result: FAILED. 15 passed; 1 failed; 0 ignored; 0 measured; 0 filtered out; finished in 1.57s

error: test failed, to rerun pass `-p liberado-session --lib`

*** result: Failure(101)
