
*** crates/session/src/life_demo.rs:154:9: replace <impl DomainPackRunner for LifeOpsDemoRunner>::run -> Result<GoalResult, PackError> with Ok(Default::default())

*** mutation diff:
--- crates/session/src/life_demo.rs
+++ replace <impl DomainPackRunner for LifeOpsDemoRunner>::run -> Result<GoalResult, PackError> with Ok(Default::default())
@@ -146,189 +146,17 @@
         &self,
         session_id: &str,
         goal: &GoalSpec,
         ctx: &PackContext<'_>,
         events: Sender<SessionEvent>,
         inputs: InputChannel,
         mut cancel: tokio::sync::watch::Receiver<bool>,
     ) -> Result<GoalResult, PackError> {
-        let wants_input = goal
-            .payload
-            .get("interactive")
-            .and_then(|v| v.as_bool())
-            .unwrap_or(false);
-
-        // Asking a human is a *capability*, not a mode the caller can simply assert. A session
-        // whose grant omits `AskHuman` (an unattended cron, a narrow research hat) falls through to
-        // the non-interactive path and gets the job done without a person — rather than blocking on
-        // one who was never going to answer. The kernel has already closed its input channel; this
-        // check just lets the pack degrade gracefully instead of tripping over the closure.
-        if wants_input && ctx.can(&Capability::AskHuman) {
-            return self
-                .run_interactive(session_id, ctx, events, inputs, cancel)
-                .await;
-        }
-
-        // `role` is the worked example of an opaque, pack-parsed override: the config stack never
-        // interprets it (`[[session_profiles]].overrides`), this pack does.
-        let role = ctx
-            .overrides()
-            .get("role")
-            .and_then(|v| v.as_str())
-            .unwrap_or("life-worker")
-            .to_string();
-
-        let _ = events
-            .send(SessionEvent::new(
-                session_id,
-                SessionEventKind::RoleStarted {
-                    role,
-                    model: "deterministic-demo".into(),
-                },
-            ))
-            .await;
-
-        // Simulated read-only "vault" inspect.
-        let _ = events
-            .send(SessionEvent::new(
-                session_id,
-                SessionEventKind::ToolStarted {
-                    name: "vault_list_notes".into(),
-                    args_preview: r#"{"folder":"tasks"}"#.into(),
-                },
-            ))
-            .await;
-
-        tokio::select! {
-            _ = tokio::time::sleep(Duration::from_millis(20)) => {}
-            _ = cancel.changed() => {
-                if *cancel.borrow() {
-                    return Err(PackError::Cancelled);
-                }
-            }
-        }
-
-        let _ = events
-            .send(SessionEvent::new(
-                session_id,
-                SessionEventKind::ToolFinished {
-                    name: "vault_list_notes".into(),
-                    ok: true,
-                    result_preview: "3 notes".into(),
-                },
-            ))
-            .await;
-
-        let force_fail = goal
-            .payload
-            .get("force_fail")
-            .and_then(|v| v.as_bool())
-            .unwrap_or(false);
-
-        if force_fail {
-            let _ = events
-                .send(SessionEvent::new(
-                    session_id,
-                    SessionEventKind::ValidationFinished {
-                        ok: false,
-                        summary: "life criteria not met (force_fail)".into(),
-                    },
-                ))
-                .await;
-            let _ = events
-                .send(SessionEvent::new(
-                    session_id,
-                    SessionEventKind::RoleFinished {
-                        role: "life-worker".into(),
-                    },
-                ))
-                .await;
-            return Ok(GoalResult {
-                terminal: TerminalKind::Failed,
-                summary: "life demo forced failure".into(),
-                artifacts: vec![],
-                diagnostics: serde_json::json!({"domain": LIFE_OPS_DOMAIN}),
-            });
-        }
-
-        // "Write" a vault note for each success criterion (simulated).
-        let mut artifacts = Vec::new();
-        for (i, criterion) in goal.success_criteria.iter().enumerate() {
-            if *cancel.borrow() {
-                return Err(PackError::Cancelled);
-            }
-            let path = format!("vault/tasks/item-{i}.md");
-            let _ = events
-                .send(SessionEvent::new(
-                    session_id,
-                    SessionEventKind::ToolStarted {
-                        name: "vault_write_note".into(),
-                        args_preview: format!("{path}: {criterion}"),
-                    },
-                ))
-                .await;
-            let _ = events
-                .send(SessionEvent::new(
-                    session_id,
-                    SessionEventKind::ToolFinished {
-                        name: "vault_write_note".into(),
-                        ok: true,
-                        result_preview: "written".into(),
-                    },
-                ))
-                .await;
-            artifacts.push(path);
-        }
-
-        if artifacts.is_empty() {
-            // Description-only goal still "files" a single outcome note.
-            artifacts.push("vault/tasks/outcome.md".into());
-            let _ = events
-                .send(SessionEvent::new(
-                    session_id,
-                    SessionEventKind::Progress {
-                        message: format!("completed life goal: {}", goal.description),
-                    },
-                ))
-                .await;
-        }
-
-        let _ = events
-            .send(SessionEvent::new(
-                session_id,
-                SessionEventKind::ValidationFinished {
-                    ok: true,
-                    summary: format!("{} artifact(s) recorded", artifacts.len()),
-                },
-            ))
-            .await;
-
-        let _ = events
-            .send(SessionEvent::new(
-                session_id,
-                SessionEventKind::RoleFinished {
-                    role: "life-worker".into(),
-                },
-            ))
-            .await;
-
-        Ok(GoalResult {
-            terminal: TerminalKind::Succeeded,
-            summary: format!(
-                "life-ops demo completed: {} ({} criteria)",
-                goal.description,
-                goal.success_criteria.len()
-            ),
-            artifacts,
-            diagnostics: serde_json::json!({
-                "domain": LIFE_OPS_DOMAIN,
-                "note": "deterministic second-domain proof — no coder-tools"
-            }),
-        })
+        Ok(Default::default()) /* ~ changed by cargo-mutants ~ */
     }
 }
 
 /// Lowercase, non-alphanumerics to `-`, collapsed — enough for a demo note path.
 fn slugify(s: &str) -> String {
     let mut out = String::new();
     let mut prev_dash = false;
     for ch in s.trim().chars() {


*** C:\\Program\ Files\\Rust\ stable\ MSVC\ 1.94\\bin\\cargo.exe test --no-run --verbose --package=liberado-session@0.1.0
       Fresh unicode-ident v1.0.24
       Fresh cfg-if v1.0.4
       Fresh version_check v0.9.5
       Fresh windows-link v0.2.1
       Fresh typenum v1.20.1
       Fresh autocfg v1.5.1
       Fresh proc-macro2 v1.0.106
       Fresh equivalent v1.0.2
       Fresh hashbrown v0.17.1
       Fresh windows-sys v0.61.2
       Fresh getrandom v0.2.17
       Fresh quote v1.0.46
       Fresh serde_core v1.0.228
       Fresh zerocopy v0.8.52
       Fresh getrandom v0.3.4
       Fresh indexmap v2.14.0
       Fresh smallvec v1.15.2
       Fresh subtle v2.6.1
       Fresh scopeguard v1.2.0
       Fresh rand_core v0.6.4
       Fresh itoa v1.0.18
       Fresh syn v2.0.118
       Fresh generic-array v0.14.7
       Fresh ppv-lite86 v0.2.21
       Fresh parking_lot_core v0.9.12
       Fresh rand_core v0.9.5
       Fresh lock_api v0.4.14
       Fresh toml_write v0.1.2
       Fresh winnow v0.7.15
       Fresh pin-project-lite v0.2.17
       Fresh num-traits v0.2.19
       Fresh serde_derive v1.0.228
       Fresh block-buffer v0.10.4
       Fresh crypto-common v0.1.7
       Fresh zmij v1.0.21
       Fresh tokio-macros v2.7.0
       Fresh parking_lot v0.12.5
       Fresh thiserror-impl v2.0.18
       Fresh rand_chacha v0.9.0
       Fresh rand_chacha v0.3.1
       Fresh mio v1.2.1
       Fresh socket2 v0.6.4
       Fresh serde v1.0.228
       Fresh digest v0.10.7
       Fresh cpufeatures v0.2.17
       Fresh bytes v1.12.0
       Fresh once_cell v1.21.4
       Fresh unsafe-libyaml v0.2.11
       Fresh memchr v2.8.2
       Fresh ryu v1.0.23
       Fresh rand v0.8.6
       Fresh thiserror v2.0.18
       Fresh rand v0.9.4
       Fresh tracing-attributes v0.1.31
       Fresh async-trait v0.1.89
       Fresh serde_spanned v0.6.9
       Fresh toml_datetime v0.6.11
       Fresh hmac v0.12.1
       Fresh serde_json v1.0.150
       Fresh chrono v0.4.45
       Fresh tracing-core v0.1.36
       Fresh tokio v1.52.3
       Fresh serde_yaml v0.9.34+deprecated
       Fresh sha2 v0.10.9
       Fresh ulid v1.2.1
       Fresh toml_edit v0.22.27
       Fresh tracing v0.1.44
       Fresh toml v0.8.23
       Fresh liberado-common v0.1.0 (C:\Users\Shiloh\Code\life-os\crates\common)
       Dirty liberado-session v0.1.0 (C:\Users\Shiloh\Code\life-os\crates\session): the file `crates\session\src\life_demo.rs` has changed (13428510093.039353200s, 2s after last build at 13428510091.340042600s)
   Compiling liberado-session v0.1.0 (C:\Users\Shiloh\Code\life-os\crates\session)
     Running `rustc --crate-name liberado_session --edition=2024 'crates\session\src\lib.rs' --error-format=json --json=diagnostic-rendered-ansi,artifacts,future-incompat --emit=dep-info,link -C embed-bitcode=no -C debuginfo=2 --test --check-cfg 'cfg(docsrs,test)' --check-cfg 'cfg(feature, values())' -C metadata=f626ef0f9a4c5520 -C extra-filename=-133ba83ce3a3fc60 --out-dir 'C:\Users\Shiloh\Code\life-os\target\debug\deps' -C 'incremental=C:\Users\Shiloh\Code\life-os\target\debug\incremental' -L 'dependency=C:\Users\Shiloh\Code\life-os\target\debug\deps' --extern 'async_trait=C:\Users\Shiloh\Code\life-os\target\debug\deps\async_trait-043abcc1deda2a31.dll' --extern 'chrono=C:\Users\Shiloh\Code\life-os\target\debug\deps\libchrono-aa1fb4eeae40b30f.rlib' --extern 'liberado_common=C:\Users\Shiloh\Code\life-os\target\debug\deps\libliberado_common-0b5cd8f72debc46b.rlib' --extern 'serde=C:\Users\Shiloh\Code\life-os\target\debug\deps\libserde-111b90473235926b.rlib' --extern 'serde_json=C:\Users\Shiloh\Code\life-os\target\debug\deps\libserde_json-b21bda778e97de51.rlib' --extern 'thiserror=C:\Users\Shiloh\Code\life-os\target\debug\deps\libthiserror-3060c0d8457cb85d.rlib' --extern 'tokio=C:\Users\Shiloh\Code\life-os\target\debug\deps\libtokio-673dafa797bd7644.rlib' --extern 'tracing=C:\Users\Shiloh\Code\life-os\target\debug\deps\libtracing-a7e308946eeec130.rlib' --extern 'ulid=C:\Users\Shiloh\Code\life-os\target\debug\deps\libulid-169fdba300e5a6ec.rlib'`
     Running `rustc --crate-name liberado_session --edition=2024 'crates\session\src\lib.rs' --error-format=json --json=diagnostic-rendered-ansi,artifacts,future-incompat --crate-type lib --emit=dep-info,metadata,link -C embed-bitcode=no -C debuginfo=2 --check-cfg 'cfg(docsrs,test)' --check-cfg 'cfg(feature, values())' -C metadata=00d58da1ce5b47f4 -C extra-filename=-fa37bea34b84dc38 --out-dir 'C:\Users\Shiloh\Code\life-os\target\debug\deps' -C 'incremental=C:\Users\Shiloh\Code\life-os\target\debug\incremental' -L 'dependency=C:\Users\Shiloh\Code\life-os\target\debug\deps' --extern 'async_trait=C:\Users\Shiloh\Code\life-os\target\debug\deps\async_trait-043abcc1deda2a31.dll' --extern 'chrono=C:\Users\Shiloh\Code\life-os\target\debug\deps\libchrono-aa1fb4eeae40b30f.rmeta' --extern 'liberado_common=C:\Users\Shiloh\Code\life-os\target\debug\deps\libliberado_common-0b5cd8f72debc46b.rmeta' --extern 'serde=C:\Users\Shiloh\Code\life-os\target\debug\deps\libserde-111b90473235926b.rmeta' --extern 'serde_json=C:\Users\Shiloh\Code\life-os\target\debug\deps\libserde_json-b21bda778e97de51.rmeta' --extern 'thiserror=C:\Users\Shiloh\Code\life-os\target\debug\deps\libthiserror-3060c0d8457cb85d.rmeta' --extern 'tokio=C:\Users\Shiloh\Code\life-os\target\debug\deps\libtokio-673dafa797bd7644.rmeta' --extern 'tracing=C:\Users\Shiloh\Code\life-os\target\debug\deps\libtracing-a7e308946eeec130.rmeta' --extern 'ulid=C:\Users\Shiloh\Code\life-os\target\debug\deps\libulid-169fdba300e5a6ec.rmeta'`
warning: unused import: `std::time::Duration`
 --> crates\session\src\life_demo.rs:7:5
  |
7 | use std::time::Duration;
  |     ^^^^^^^^^^^^^^^^^^^
  |
  = note: `#[warn(unused_imports)]` (part of `#[warn(unused)]`) on by default

error[E0277]: the trait bound `GoalResult: Default` is not satisfied
   --> crates\session\src\life_demo.rs:154:12
    |
154 |         Ok(Default::default()) /* ~ changed by cargo-mutants ~ */
    |            ^^^^^^^^^^^^^^^^^^ unsatisfied trait bound
    |
help: the trait `Default` is not implemented for `GoalResult`
   --> crates\session\src\goal.rs:202:1
    |
202 | pub struct GoalResult {
    | ^^^^^^^^^^^^^^^^^^^^^

For more information about this error, try `rustc --explain E0277`.
warning: `liberado-session` (lib) generated 1 warning
error: could not compile `liberado-session` (lib) due to 1 previous error; 1 warning emitted

Caused by:
  process didn't exit successfully: `rustc --crate-name liberado_session --edition=2024 'crates\session\src\lib.rs' --error-format=json --json=diagnostic-rendered-ansi,artifacts,future-incompat --crate-type lib --emit=dep-info,metadata,link -C embed-bitcode=no -C debuginfo=2 --check-cfg 'cfg(docsrs,test)' --check-cfg 'cfg(feature, values())' -C metadata=00d58da1ce5b47f4 -C extra-filename=-fa37bea34b84dc38 --out-dir 'C:\Users\Shiloh\Code\life-os\target\debug\deps' -C 'incremental=C:\Users\Shiloh\Code\life-os\target\debug\incremental' -L 'dependency=C:\Users\Shiloh\Code\life-os\target\debug\deps' --extern 'async_trait=C:\Users\Shiloh\Code\life-os\target\debug\deps\async_trait-043abcc1deda2a31.dll' --extern 'chrono=C:\Users\Shiloh\Code\life-os\target\debug\deps\libchrono-aa1fb4eeae40b30f.rmeta' --extern 'liberado_common=C:\Users\Shiloh\Code\life-os\target\debug\deps\libliberado_common-0b5cd8f72debc46b.rmeta' --extern 'serde=C:\Users\Shiloh\Code\life-os\target\debug\deps\libserde-111b90473235926b.rmeta' --extern 'serde_json=C:\Users\Shiloh\Code\life-os\target\debug\deps\libserde_json-b21bda778e97de51.rmeta' --extern 'thiserror=C:\Users\Shiloh\Code\life-os\target\debug\deps\libthiserror-3060c0d8457cb85d.rmeta' --extern 'tokio=C:\Users\Shiloh\Code\life-os\target\debug\deps\libtokio-673dafa797bd7644.rmeta' --extern 'tracing=C:\Users\Shiloh\Code\life-os\target\debug\deps\libtracing-a7e308946eeec130.rmeta' --extern 'ulid=C:\Users\Shiloh\Code\life-os\target\debug\deps\libulid-169fdba300e5a6ec.rmeta'` (exit code: 1)
warning: build failed, waiting for other jobs to finish...
error[E0277]: the trait bound `goal::GoalResult: Default` is not satisfied
   --> crates\session\src\life_demo.rs:154:12
    |
154 |         Ok(Default::default()) /* ~ changed by cargo-mutants ~ */
    |            ^^^^^^^^^^^^^^^^^^ unsatisfied trait bound
    |
help: the trait `Default` is not implemented for `goal::GoalResult`
   --> crates\session\src\goal.rs:202:1
    |
202 | pub struct GoalResult {
    | ^^^^^^^^^^^^^^^^^^^^^

warning: `liberado-session` (lib test) generated 1 warning (1 duplicate)
error: could not compile `liberado-session` (lib test) due to 1 previous error; 1 warning emitted

Caused by:
  process didn't exit successfully: `rustc --crate-name liberado_session --edition=2024 'crates\session\src\lib.rs' --error-format=json --json=diagnostic-rendered-ansi,artifacts,future-incompat --emit=dep-info,link -C embed-bitcode=no -C debuginfo=2 --test --check-cfg 'cfg(docsrs,test)' --check-cfg 'cfg(feature, values())' -C metadata=f626ef0f9a4c5520 -C extra-filename=-133ba83ce3a3fc60 --out-dir 'C:\Users\Shiloh\Code\life-os\target\debug\deps' -C 'incremental=C:\Users\Shiloh\Code\life-os\target\debug\incremental' -L 'dependency=C:\Users\Shiloh\Code\life-os\target\debug\deps' --extern 'async_trait=C:\Users\Shiloh\Code\life-os\target\debug\deps\async_trait-043abcc1deda2a31.dll' --extern 'chrono=C:\Users\Shiloh\Code\life-os\target\debug\deps\libchrono-aa1fb4eeae40b30f.rlib' --extern 'liberado_common=C:\Users\Shiloh\Code\life-os\target\debug\deps\libliberado_common-0b5cd8f72debc46b.rlib' --extern 'serde=C:\Users\Shiloh\Code\life-os\target\debug\deps\libserde-111b90473235926b.rlib' --extern 'serde_json=C:\Users\Shiloh\Code\life-os\target\debug\deps\libserde_json-b21bda778e97de51.rlib' --extern 'thiserror=C:\Users\Shiloh\Code\life-os\target\debug\deps\libthiserror-3060c0d8457cb85d.rlib' --extern 'tokio=C:\Users\Shiloh\Code\life-os\target\debug\deps\libtokio-673dafa797bd7644.rlib' --extern 'tracing=C:\Users\Shiloh\Code\life-os\target\debug\deps\libtracing-a7e308946eeec130.rlib' --extern 'ulid=C:\Users\Shiloh\Code\life-os\target\debug\deps\libulid-169fdba300e5a6ec.rlib'` (exit code: 1)

*** result: Failure(101)
