
*** crates/session/src/life_demo.rs:41:9: replace LifeOpsDemoRunner::run_interactive -> Result<GoalResult, PackError> with Ok(Default::default())

*** mutation diff:
--- crates/session/src/life_demo.rs
+++ replace LifeOpsDemoRunner::run_interactive -> Result<GoalResult, PackError> with Ok(Default::default())
@@ -33,111 +33,17 @@
     async fn run_interactive(
         &self,
         session_id: &str,
         ctx: &PackContext<'_>,
         events: Sender<SessionEvent>,
         mut inputs: InputChannel,
         mut cancel: tokio::sync::watch::Receiver<bool>,
     ) -> Result<GoalResult, PackError> {
-        const QUESTION: &str = "What should I title the note?";
-
-        // Asking is a *turn* — it is the pack talking to a human. The `AwaitingInput` event below is
-        // the same fact seen by a live subscriber (it is what raises the "needs you" badge), but an
-        // event is not dialogue: it is not searchable and it has no place in the message DAG. The
-        // human's reply is recorded as a turn by the hub, so both halves of the exchange survive.
-        ctx.record_turn(TurnAuthor::Assistant, QUESTION).await;
-
-        let _ = events
-            .send(SessionEvent::new(
-                session_id,
-                SessionEventKind::AwaitingInput {
-                    prompt: QUESTION.into(),
-                    options: Vec::new(),
-                },
-            ))
-            .await;
-
-        let outcome = tokio::select! {
-            outcome = inputs.recv() => outcome,
-            _ = cancel.changed() => InputOutcome::Closed,
-        };
-        if *cancel.borrow() {
-            return Err(PackError::Cancelled);
-        }
-
-        match outcome {
-            InputOutcome::Received(input) => {
-                let title = input.text.trim().to_string();
-                let path = format!("vault/{NOTES_ZONE}/{}.md", slugify(&title));
-                let _ = events
-                    .send(SessionEvent::new(
-                        session_id,
-                        SessionEventKind::ToolStarted {
-                            name: "vault_write_note".into(),
-                            args_preview: format!("{path}: {title}"),
-                        },
-                    ))
-                    .await;
-
-                // The capability check, at the point of the consequential act — not at dispatch,
-                // not by convention. A profile granted only `Read` reaches here and is refused.
-                if !ctx.can(&Capability::Write(Zone::vault(NOTES_ZONE))) {
-                    let _ = events
-                        .send(SessionEvent::new(
-                            session_id,
-                            SessionEventKind::ToolFinished {
-                                name: "vault_write_note".into(),
-                                ok: false,
-                                result_preview: format!(
-                                    "denied: grant lacks Write(vault:{NOTES_ZONE})"
-                                ),
-                            },
-                        ))
-                        .await;
-                    return Ok(GoalResult {
-                        terminal: TerminalKind::Failed,
-                        summary: format!(
-                            "refused to write '{title}' — this session's grant does not include \
-                             Write(vault:{NOTES_ZONE})"
-                        ),
-                        artifacts: vec![],
-                        diagnostics: serde_json::json!({
-                            "domain": LIFE_OPS_DOMAIN,
-                            "denied_capability": format!("Write(vault:{NOTES_ZONE})"),
-                            "profile": ctx.profile(),
-                        }),
-                    });
-                }
-
-                let _ = events
-                    .send(SessionEvent::new(
-                        session_id,
-                        SessionEventKind::ToolFinished {
-                            name: "vault_write_note".into(),
-                            ok: true,
-                            result_preview: "written".into(),
-                        },
-                    ))
-                    .await;
-                Ok(GoalResult {
-                    terminal: TerminalKind::Succeeded,
-                    summary: format!("wrote note titled '{title}'"),
-                    artifacts: vec![path],
-                    diagnostics: serde_json::json!({ "domain": LIFE_OPS_DOMAIN, "interactive": true }),
-                })
-            }
-            InputOutcome::IdleExpired(d) => Ok(GoalResult {
-                terminal: TerminalKind::BudgetExhausted,
-                summary: format!("no answer after {}s idle", d.as_secs()),
-                artifacts: vec![],
-                diagnostics: serde_json::json!({ "domain": LIFE_OPS_DOMAIN, "idle_timeout": true }),
-            }),
-            InputOutcome::Closed => Err(PackError::Cancelled),
-        }
+        Ok(Default::default()) /* ~ changed by cargo-mutants ~ */
     }
 }
 
 #[async_trait]
 impl DomainPackRunner for LifeOpsDemoRunner {
     fn domain_id(&self) -> &str {
         LIFE_OPS_DOMAIN
     }


*** C:\\Program\ Files\\Rust\ stable\ MSVC\ 1.94\\bin\\cargo.exe test --no-run --verbose --package=liberado-session@0.1.0
       Fresh unicode-ident v1.0.24
       Fresh cfg-if v1.0.4
       Fresh version_check v0.9.5
       Fresh windows-link v0.2.1
       Fresh typenum v1.20.1
       Fresh hashbrown v0.17.1
       Fresh equivalent v1.0.2
       Fresh proc-macro2 v1.0.106
       Fresh autocfg v1.5.1
       Fresh getrandom v0.2.17
       Fresh windows-sys v0.61.2
       Fresh indexmap v2.14.0
       Fresh smallvec v1.15.2
       Fresh quote v1.0.46
       Fresh serde_core v1.0.228
       Fresh zerocopy v0.8.52
       Fresh getrandom v0.3.4
       Fresh scopeguard v1.2.0
       Fresh subtle v2.6.1
       Fresh rand_core v0.6.4
       Fresh itoa v1.0.18
       Fresh syn v2.0.118
       Fresh ppv-lite86 v0.2.21
       Fresh generic-array v0.14.7
       Fresh lock_api v0.4.14
       Fresh parking_lot_core v0.9.12
       Fresh rand_core v0.9.5
       Fresh toml_write v0.1.2
       Fresh pin-project-lite v0.2.17
       Fresh winnow v0.7.15
       Fresh serde_derive v1.0.228
       Fresh block-buffer v0.10.4
       Fresh crypto-common v0.1.7
       Fresh thiserror-impl v2.0.18
       Fresh zmij v1.0.21
       Fresh rand_chacha v0.3.1
       Fresh tokio-macros v2.7.0
       Fresh rand_chacha v0.9.0
       Fresh num-traits v0.2.19
       Fresh parking_lot v0.12.5
       Fresh mio v1.2.1
       Fresh socket2 v0.6.4
       Fresh serde v1.0.228
       Fresh digest v0.10.7
       Fresh once_cell v1.21.4
       Fresh unsafe-libyaml v0.2.11
       Fresh bytes v1.12.0
       Fresh ryu v1.0.23
       Fresh memchr v2.8.2
       Fresh cpufeatures v0.2.17
       Fresh rand v0.8.6
       Fresh rand v0.9.4
       Fresh thiserror v2.0.18
       Fresh tracing-attributes v0.1.31
       Fresh async-trait v0.1.89
       Fresh toml_datetime v0.6.11
       Fresh serde_spanned v0.6.9
       Fresh tracing-core v0.1.36
       Fresh serde_json v1.0.150
       Fresh tokio v1.52.3
       Fresh serde_yaml v0.9.34+deprecated
       Fresh hmac v0.12.1
       Fresh chrono v0.4.45
       Fresh sha2 v0.10.9
       Fresh ulid v1.2.1
       Fresh toml_edit v0.22.27
       Fresh tracing v0.1.44
       Fresh toml v0.8.23
       Fresh liberado-common v0.1.0 (C:\Users\Shiloh\Code\life-os\crates\common)
       Dirty liberado-session v0.1.0 (C:\Users\Shiloh\Code\life-os\crates\session): the file `crates\session\src\life_demo.rs` has changed (13428510086.362827800s, 2s after last build at 13428510084.270651100s)
   Compiling liberado-session v0.1.0 (C:\Users\Shiloh\Code\life-os\crates\session)
     Running `rustc --crate-name liberado_session --edition=2024 'crates\session\src\lib.rs' --error-format=json --json=diagnostic-rendered-ansi,artifacts,future-incompat --emit=dep-info,link -C embed-bitcode=no -C debuginfo=2 --test --check-cfg 'cfg(docsrs,test)' --check-cfg 'cfg(feature, values())' -C metadata=f626ef0f9a4c5520 -C extra-filename=-133ba83ce3a3fc60 --out-dir 'C:\Users\Shiloh\Code\life-os\target\debug\deps' -C 'incremental=C:\Users\Shiloh\Code\life-os\target\debug\incremental' -L 'dependency=C:\Users\Shiloh\Code\life-os\target\debug\deps' --extern 'async_trait=C:\Users\Shiloh\Code\life-os\target\debug\deps\async_trait-043abcc1deda2a31.dll' --extern 'chrono=C:\Users\Shiloh\Code\life-os\target\debug\deps\libchrono-aa1fb4eeae40b30f.rlib' --extern 'liberado_common=C:\Users\Shiloh\Code\life-os\target\debug\deps\libliberado_common-0b5cd8f72debc46b.rlib' --extern 'serde=C:\Users\Shiloh\Code\life-os\target\debug\deps\libserde-111b90473235926b.rlib' --extern 'serde_json=C:\Users\Shiloh\Code\life-os\target\debug\deps\libserde_json-b21bda778e97de51.rlib' --extern 'thiserror=C:\Users\Shiloh\Code\life-os\target\debug\deps\libthiserror-3060c0d8457cb85d.rlib' --extern 'tokio=C:\Users\Shiloh\Code\life-os\target\debug\deps\libtokio-673dafa797bd7644.rlib' --extern 'tracing=C:\Users\Shiloh\Code\life-os\target\debug\deps\libtracing-a7e308946eeec130.rlib' --extern 'ulid=C:\Users\Shiloh\Code\life-os\target\debug\deps\libulid-169fdba300e5a6ec.rlib'`
     Running `rustc --crate-name liberado_session --edition=2024 'crates\session\src\lib.rs' --error-format=json --json=diagnostic-rendered-ansi,artifacts,future-incompat --crate-type lib --emit=dep-info,metadata,link -C embed-bitcode=no -C debuginfo=2 --check-cfg 'cfg(docsrs,test)' --check-cfg 'cfg(feature, values())' -C metadata=00d58da1ce5b47f4 -C extra-filename=-fa37bea34b84dc38 --out-dir 'C:\Users\Shiloh\Code\life-os\target\debug\deps' -C 'incremental=C:\Users\Shiloh\Code\life-os\target\debug\incremental' -L 'dependency=C:\Users\Shiloh\Code\life-os\target\debug\deps' --extern 'async_trait=C:\Users\Shiloh\Code\life-os\target\debug\deps\async_trait-043abcc1deda2a31.dll' --extern 'chrono=C:\Users\Shiloh\Code\life-os\target\debug\deps\libchrono-aa1fb4eeae40b30f.rmeta' --extern 'liberado_common=C:\Users\Shiloh\Code\life-os\target\debug\deps\libliberado_common-0b5cd8f72debc46b.rmeta' --extern 'serde=C:\Users\Shiloh\Code\life-os\target\debug\deps\libserde-111b90473235926b.rmeta' --extern 'serde_json=C:\Users\Shiloh\Code\life-os\target\debug\deps\libserde_json-b21bda778e97de51.rmeta' --extern 'thiserror=C:\Users\Shiloh\Code\life-os\target\debug\deps\libthiserror-3060c0d8457cb85d.rmeta' --extern 'tokio=C:\Users\Shiloh\Code\life-os\target\debug\deps\libtokio-673dafa797bd7644.rmeta' --extern 'tracing=C:\Users\Shiloh\Code\life-os\target\debug\deps\libtracing-a7e308946eeec130.rmeta' --extern 'ulid=C:\Users\Shiloh\Code\life-os\target\debug\deps\libulid-169fdba300e5a6ec.rmeta'`
warning: unused import: `Zone`
  --> crates\session\src\life_demo.rs:10:35
   |
10 | use liberado_common::{Capability, Zone};
   |                                   ^^^^
   |
   = note: `#[warn(unused_imports)]` (part of `#[warn(unused)]`) on by default

warning: unused import: `crate::record_store::TurnAuthor`
  --> crates\session\src\life_demo.rs:16:5
   |
16 | use crate::record_store::TurnAuthor;
   |     ^^^^^^^^^^^^^^^^^^^^^^^^^^^^^^^

warning: unused import: `InputOutcome`
  --> crates\session\src\life_demo.rs:17:53
   |
17 | use crate::runner::{DomainPackRunner, InputChannel, InputOutcome, PackContext, PackError};
   |                                                     ^^^^^^^^^^^^

warning: unused import: `crate::record_store::TurnAuthor`
  --> crates\session\src\life_demo.rs:16:5
   |
16 | use crate::record_store::TurnAuthor;
   |     ^^^^^^^^^^^^^^^^^^^^^^^^^^^^^^^
   |
   = note: `#[warn(unused_imports)]` (part of `#[warn(unused)]`) on by default

error[E0277]: the trait bound `GoalResult: Default` is not satisfied
   --> crates\session\src\life_demo.rs:41:12
    |
 41 |         Ok(Default::default()) /* ~ changed by cargo-mutants ~ */
    |            ^^^^^^^^^^^^^^^^^^ unsatisfied trait bound
    |
help: the trait `Default` is not implemented for `GoalResult`
   --> crates\session\src\goal.rs:202:1
    |
202 | pub struct GoalResult {
    | ^^^^^^^^^^^^^^^^^^^^^

error[E0277]: the trait bound `goal::GoalResult: Default` is not satisfied
   --> crates\session\src\life_demo.rs:41:12
    |
 41 |         Ok(Default::default()) /* ~ changed by cargo-mutants ~ */
    |            ^^^^^^^^^^^^^^^^^^ unsatisfied trait bound
    |
help: the trait `Default` is not implemented for `goal::GoalResult`
   --> crates\session\src\goal.rs:202:1
    |
202 | pub struct GoalResult {
    | ^^^^^^^^^^^^^^^^^^^^^

For more information about this error, try `rustc --explain E0277`.
warning: `liberado-session` (lib) generated 3 warnings
error: could not compile `liberado-session` (lib) due to 1 previous error; 3 warnings emitted

Caused by:
  process didn't exit successfully: `rustc --crate-name liberado_session --edition=2024 'crates\session\src\lib.rs' --error-format=json --json=diagnostic-rendered-ansi,artifacts,future-incompat --crate-type lib --emit=dep-info,metadata,link -C embed-bitcode=no -C debuginfo=2 --check-cfg 'cfg(docsrs,test)' --check-cfg 'cfg(feature, values())' -C metadata=00d58da1ce5b47f4 -C extra-filename=-fa37bea34b84dc38 --out-dir 'C:\Users\Shiloh\Code\life-os\target\debug\deps' -C 'incremental=C:\Users\Shiloh\Code\life-os\target\debug\incremental' -L 'dependency=C:\Users\Shiloh\Code\life-os\target\debug\deps' --extern 'async_trait=C:\Users\Shiloh\Code\life-os\target\debug\deps\async_trait-043abcc1deda2a31.dll' --extern 'chrono=C:\Users\Shiloh\Code\life-os\target\debug\deps\libchrono-aa1fb4eeae40b30f.rmeta' --extern 'liberado_common=C:\Users\Shiloh\Code\life-os\target\debug\deps\libliberado_common-0b5cd8f72debc46b.rmeta' --extern 'serde=C:\Users\Shiloh\Code\life-os\target\debug\deps\libserde-111b90473235926b.rmeta' --extern 'serde_json=C:\Users\Shiloh\Code\life-os\target\debug\deps\libserde_json-b21bda778e97de51.rmeta' --extern 'thiserror=C:\Users\Shiloh\Code\life-os\target\debug\deps\libthiserror-3060c0d8457cb85d.rmeta' --extern 'tokio=C:\Users\Shiloh\Code\life-os\target\debug\deps\libtokio-673dafa797bd7644.rmeta' --extern 'tracing=C:\Users\Shiloh\Code\life-os\target\debug\deps\libtracing-a7e308946eeec130.rmeta' --extern 'ulid=C:\Users\Shiloh\Code\life-os\target\debug\deps\libulid-169fdba300e5a6ec.rmeta'` (exit code: 1)
warning: build failed, waiting for other jobs to finish...
warning: `liberado-session` (lib test) generated 2 warnings (1 duplicate)
error: could not compile `liberado-session` (lib test) due to 1 previous error; 2 warnings emitted

Caused by:
  process didn't exit successfully: `rustc --crate-name liberado_session --edition=2024 'crates\session\src\lib.rs' --error-format=json --json=diagnostic-rendered-ansi,artifacts,future-incompat --emit=dep-info,link -C embed-bitcode=no -C debuginfo=2 --test --check-cfg 'cfg(docsrs,test)' --check-cfg 'cfg(feature, values())' -C metadata=f626ef0f9a4c5520 -C extra-filename=-133ba83ce3a3fc60 --out-dir 'C:\Users\Shiloh\Code\life-os\target\debug\deps' -C 'incremental=C:\Users\Shiloh\Code\life-os\target\debug\incremental' -L 'dependency=C:\Users\Shiloh\Code\life-os\target\debug\deps' --extern 'async_trait=C:\Users\Shiloh\Code\life-os\target\debug\deps\async_trait-043abcc1deda2a31.dll' --extern 'chrono=C:\Users\Shiloh\Code\life-os\target\debug\deps\libchrono-aa1fb4eeae40b30f.rlib' --extern 'liberado_common=C:\Users\Shiloh\Code\life-os\target\debug\deps\libliberado_common-0b5cd8f72debc46b.rlib' --extern 'serde=C:\Users\Shiloh\Code\life-os\target\debug\deps\libserde-111b90473235926b.rlib' --extern 'serde_json=C:\Users\Shiloh\Code\life-os\target\debug\deps\libserde_json-b21bda778e97de51.rlib' --extern 'thiserror=C:\Users\Shiloh\Code\life-os\target\debug\deps\libthiserror-3060c0d8457cb85d.rlib' --extern 'tokio=C:\Users\Shiloh\Code\life-os\target\debug\deps\libtokio-673dafa797bd7644.rlib' --extern 'tracing=C:\Users\Shiloh\Code\life-os\target\debug\deps\libtracing-a7e308946eeec130.rlib' --extern 'ulid=C:\Users\Shiloh\Code\life-os\target\debug\deps\libulid-169fdba300e5a6ec.rlib'` (exit code: 1)

*** result: Failure(101)
