
*** crates/session/src/hub.rs:398:37: replace match guard !record.grant.grants_ask_human() with false in GoalSessionHub::send_input

*** mutation diff:
--- crates/session/src/hub.rs
+++ replace match guard !record.grant.grants_ask_human() with false in GoalSessionHub::send_input
@@ -390,17 +390,17 @@
             // that is parked mid-question across a restart (409, but *not* finished), or one that
             // never existed (404). Without these checks each masquerades as "you were too late",
             // when the truth may be "you were never allowed" or "it is still waiting for you".
             //
             // `Parked` was added by E6 and this match was not updated with it, so a parked session
             // was told it "has already finished" — the one thing it definitively has not done.
             None => {
                 return Err(match self.store.get(id).await {
-                    Some(record) if !record.grant.grants_ask_human() => {
+                    Some(record) if false /* ~ changed by cargo-mutants ~ */ => {
                         SendInputError::NotPermitted
                     }
                     Some(record) if record.status == SessionStatus::Parked => {
                         SendInputError::Parked
                     }
                     Some(_) => SendInputError::Terminal,
                     None => SendInputError::Unknown,
                 });


*** C:\\Program\ Files\\Rust\ stable\ MSVC\ 1.94\\bin\\cargo.exe test --no-run --verbose --package=liberado-session@0.1.0
       Fresh unicode-ident v1.0.24
       Fresh cfg-if v1.0.4
       Fresh version_check v0.9.5
       Fresh windows-link v0.2.1
       Fresh typenum v1.20.1
       Fresh hashbrown v0.17.1
       Fresh equivalent v1.0.2
       Fresh proc-macro2 v1.0.106
       Fresh autocfg v1.5.1
       Fresh getrandom v0.2.17
       Fresh indexmap v2.14.0
       Fresh windows-sys v0.61.2
       Fresh scopeguard v1.2.0
       Fresh quote v1.0.46
       Fresh serde_core v1.0.228
       Fresh zerocopy v0.8.52
       Fresh getrandom v0.3.4
       Fresh subtle v2.6.1
       Fresh smallvec v1.15.2
       Fresh lock_api v0.4.14
       Fresh rand_core v0.6.4
       Fresh winnow v0.7.15
       Fresh syn v2.0.118
       Fresh generic-array v0.14.7
       Fresh ppv-lite86 v0.2.21
       Fresh parking_lot_core v0.9.12
       Fresh rand_core v0.9.5
       Fresh toml_write v0.1.2
       Fresh pin-project-lite v0.2.17
       Fresh itoa v1.0.18
       Fresh mio v1.2.1
       Fresh serde_derive v1.0.228
       Fresh crypto-common v0.1.7
       Fresh block-buffer v0.10.4
       Fresh zmij v1.0.21
       Fresh thiserror-impl v2.0.18
       Fresh num-traits v0.2.19
       Fresh rand_chacha v0.3.1
       Fresh parking_lot v0.12.5
       Fresh tokio-macros v2.7.0
       Fresh rand_chacha v0.9.0
       Fresh socket2 v0.6.4
       Fresh serde v1.0.228
       Fresh digest v0.10.7
       Fresh cpufeatures v0.2.17
       Fresh once_cell v1.21.4
       Fresh ryu v1.0.23
       Fresh memchr v2.8.2
       Fresh bytes v1.12.0
       Fresh unsafe-libyaml v0.2.11
       Fresh thiserror v2.0.18
       Fresh rand v0.9.4
       Fresh rand v0.8.6
       Fresh async-trait v0.1.89
       Fresh tracing-attributes v0.1.31
       Fresh toml_datetime v0.6.11
       Fresh serde_spanned v0.6.9
       Fresh sha2 v0.10.9
       Fresh tokio v1.52.3
       Fresh serde_yaml v0.9.34+deprecated
       Fresh chrono v0.4.45
       Fresh serde_json v1.0.150
       Fresh hmac v0.12.1
       Fresh tracing-core v0.1.36
       Fresh ulid v1.2.1
       Fresh toml_edit v0.22.27
       Fresh tracing v0.1.44
       Fresh toml v0.8.23
       Fresh liberado-common v0.1.0 (C:\Users\Shiloh\Code\life-os\crates\common)
       Dirty liberado-session v0.1.0 (C:\Users\Shiloh\Code\life-os\crates\session): the file `crates\session\src\hub.rs` has changed (13428510064.324508300s, 2s after last build at 13428510062.389120500s)
   Compiling liberado-session v0.1.0 (C:\Users\Shiloh\Code\life-os\crates\session)
     Running `rustc --crate-name liberado_session --edition=2024 'crates\session\src\lib.rs' --error-format=json --json=diagnostic-rendered-ansi,artifacts,future-incompat --emit=dep-info,link -C embed-bitcode=no -C debuginfo=2 --test --check-cfg 'cfg(docsrs,test)' --check-cfg 'cfg(feature, values())' -C metadata=f626ef0f9a4c5520 -C extra-filename=-133ba83ce3a3fc60 --out-dir 'C:\Users\Shiloh\Code\life-os\target\debug\deps' -C 'incremental=C:\Users\Shiloh\Code\life-os\target\debug\incremental' -L 'dependency=C:\Users\Shiloh\Code\life-os\target\debug\deps' --extern 'async_trait=C:\Users\Shiloh\Code\life-os\target\debug\deps\async_trait-043abcc1deda2a31.dll' --extern 'chrono=C:\Users\Shiloh\Code\life-os\target\debug\deps\libchrono-aa1fb4eeae40b30f.rlib' --extern 'liberado_common=C:\Users\Shiloh\Code\life-os\target\debug\deps\libliberado_common-0b5cd8f72debc46b.rlib' --extern 'serde=C:\Users\Shiloh\Code\life-os\target\debug\deps\libserde-111b90473235926b.rlib' --extern 'serde_json=C:\Users\Shiloh\Code\life-os\target\debug\deps\libserde_json-b21bda778e97de51.rlib' --extern 'thiserror=C:\Users\Shiloh\Code\life-os\target\debug\deps\libthiserror-3060c0d8457cb85d.rlib' --extern 'tokio=C:\Users\Shiloh\Code\life-os\target\debug\deps\libtokio-673dafa797bd7644.rlib' --extern 'tracing=C:\Users\Shiloh\Code\life-os\target\debug\deps\libtracing-a7e308946eeec130.rlib' --extern 'ulid=C:\Users\Shiloh\Code\life-os\target\debug\deps\libulid-169fdba300e5a6ec.rlib'`
     Running `rustc --crate-name liberado_session --edition=2024 'crates\session\src\lib.rs' --error-format=json --json=diagnostic-rendered-ansi,artifacts,future-incompat --crate-type lib --emit=dep-info,metadata,link -C embed-bitcode=no -C debuginfo=2 --check-cfg 'cfg(docsrs,test)' --check-cfg 'cfg(feature, values())' -C metadata=00d58da1ce5b47f4 -C extra-filename=-fa37bea34b84dc38 --out-dir 'C:\Users\Shiloh\Code\life-os\target\debug\deps' -C 'incremental=C:\Users\Shiloh\Code\life-os\target\debug\incremental' -L 'dependency=C:\Users\Shiloh\Code\life-os\target\debug\deps' --extern 'async_trait=C:\Users\Shiloh\Code\life-os\target\debug\deps\async_trait-043abcc1deda2a31.dll' --extern 'chrono=C:\Users\Shiloh\Code\life-os\target\debug\deps\libchrono-aa1fb4eeae40b30f.rmeta' --extern 'liberado_common=C:\Users\Shiloh\Code\life-os\target\debug\deps\libliberado_common-0b5cd8f72debc46b.rmeta' --extern 'serde=C:\Users\Shiloh\Code\life-os\target\debug\deps\libserde-111b90473235926b.rmeta' --extern 'serde_json=C:\Users\Shiloh\Code\life-os\target\debug\deps\libserde_json-b21bda778e97de51.rmeta' --extern 'thiserror=C:\Users\Shiloh\Code\life-os\target\debug\deps\libthiserror-3060c0d8457cb85d.rmeta' --extern 'tokio=C:\Users\Shiloh\Code\life-os\target\debug\deps\libtokio-673dafa797bd7644.rmeta' --extern 'tracing=C:\Users\Shiloh\Code\life-os\target\debug\deps\libtracing-a7e308946eeec130.rmeta' --extern 'ulid=C:\Users\Shiloh\Code\life-os\target\debug\deps\libulid-169fdba300e5a6ec.rmeta'`
warning: unused variable: `record`
   --> crates\session\src\hub.rs:398:26
    |
398 |                     Some(record) if false /* ~ changed by cargo-mutants ~ */ => {
    |                          ^^^^^^ help: if this is intentional, prefix it with an underscore: `_record`
    |
    = note: `#[warn(unused_variables)]` (part of `#[warn(unused)]`) on by default

warning: `liberado-session` (lib) generated 1 warning (run `cargo fix --lib -p liberado-session` to apply 1 suggestion)
warning: `liberado-session` (lib test) generated 1 warning (1 duplicate)
    Finished `test` profile [unoptimized + debuginfo] target(s) in 1.26s
  Executable `C:\Users\Shiloh\Code\life-os\target\debug\deps\liberado_session-133ba83ce3a3fc60.exe`

*** result: Success

*** C:\\Program\ Files\\Rust\ stable\ MSVC\ 1.94\\bin\\cargo.exe test --verbose --package=liberado-session@0.1.0
       Fresh unicode-ident v1.0.24
       Fresh cfg-if v1.0.4
       Fresh version_check v0.9.5
       Fresh windows-link v0.2.1
       Fresh typenum v1.20.1
       Fresh hashbrown v0.17.1
       Fresh proc-macro2 v1.0.106
       Fresh equivalent v1.0.2
       Fresh autocfg v1.5.1
       Fresh getrandom v0.2.17
       Fresh windows-sys v0.61.2
       Fresh scopeguard v1.2.0
       Fresh quote v1.0.46
       Fresh serde_core v1.0.228
       Fresh zerocopy v0.8.52
       Fresh indexmap v2.14.0
       Fresh getrandom v0.3.4
       Fresh subtle v2.6.1
       Fresh smallvec v1.15.2
       Fresh rand_core v0.6.4
       Fresh lock_api v0.4.14
       Fresh syn v2.0.118
       Fresh ppv-lite86 v0.2.21
       Fresh generic-array v0.14.7
       Fresh parking_lot_core v0.9.12
       Fresh rand_core v0.9.5
       Fresh winnow v0.7.15
       Fresh toml_write v0.1.2
       Fresh itoa v1.0.18
       Fresh pin-project-lite v0.2.17
       Fresh serde_derive v1.0.228
       Fresh crypto-common v0.1.7
       Fresh block-buffer v0.10.4
       Fresh rand_chacha v0.9.0
       Fresh tokio-macros v2.7.0
       Fresh rand_chacha v0.3.1
       Fresh num-traits v0.2.19
       Fresh parking_lot v0.12.5
       Fresh thiserror-impl v2.0.18
       Fresh zmij v1.0.21
       Fresh socket2 v0.6.4
       Fresh mio v1.2.1
       Fresh serde v1.0.228
       Fresh digest v0.10.7
       Fresh unsafe-libyaml v0.2.11
       Fresh ryu v1.0.23
       Fresh cpufeatures v0.2.17
       Fresh memchr v2.8.2
       Fresh bytes v1.12.0
       Fresh once_cell v1.21.4
       Fresh rand v0.8.6
       Fresh rand v0.9.4
       Fresh thiserror v2.0.18
       Fresh tracing-attributes v0.1.31
       Fresh async-trait v0.1.89
       Fresh serde_spanned v0.6.9
       Fresh toml_datetime v0.6.11
       Fresh chrono v0.4.45
       Fresh serde_json v1.0.150
       Fresh tracing-core v0.1.36
       Fresh serde_yaml v0.9.34+deprecated
       Fresh sha2 v0.10.9
       Fresh tokio v1.52.3
       Fresh hmac v0.12.1
       Fresh ulid v1.2.1
       Fresh toml_edit v0.22.27
       Fresh tracing v0.1.44
       Fresh toml v0.8.23
       Fresh liberado-common v0.1.0 (C:\Users\Shiloh\Code\life-os\crates\common)
warning: unused variable: `record`
   --> crates\session\src\hub.rs:398:26
    |
398 |                     Some(record) if false /* ~ changed by cargo-mutants ~ */ => {
    |                          ^^^^^^ help: if this is intentional, prefix it with an underscore: `_record`
    |
    = note: `#[warn(unused_variables)]` (part of `#[warn(unused)]`) on by default

warning: `liberado-session` (lib) generated 1 warning (run `cargo fix --lib -p liberado-session` to apply 1 suggestion)
warning: `liberado-session` (lib test) generated 1 warning (1 duplicate)
       Fresh liberado-session v0.1.0 (C:\Users\Shiloh\Code\life-os\crates\session)
    Finished `test` profile [unoptimized + debuginfo] target(s) in 0.21s
     Running `C:\Users\Shiloh\Code\life-os\target\debug\deps\liberado_session-133ba83ce3a3fc60.exe`

running 16 tests
test goal::tests::origin_round_trips_and_is_omitted_when_absent ... ok
test life_demo::tests::unknown_domain_rejected ... ok
test life_demo::tests::send_input_to_unknown_session_is_distinct_from_terminal ... ok
test life_demo::tests::a_parked_session_is_not_told_it_finished ... ok
test store::tests::in_memory_store_persists_nothing ... ok
test life_demo::tests::a_session_without_ask_human_refuses_input_as_not_permitted ... FAILED
test store::tests::mid_execution_session_is_coerced_to_failed_on_rehydrate ... ok
test store::tests::awaiting_session_is_parked_on_rehydrate_not_failed ... ok
test store::tests::durable_store_rehydrates_a_finished_session ... ok
test life_demo::tests::answering_a_parked_session_resumes_the_pack_with_its_transcript ... ok
test life_demo::tests::interactive_session_idle_budget_terminates_budget_exhausted ... ok
test life_demo::tests::interactive_session_asks_awaits_and_echoes_the_answer ... ok
test life_demo::tests::a_grant_is_never_widened_by_sending_input ... ok
test life_demo::tests::a_session_that_may_ask_but_not_write_is_refused_at_the_write ... ok
test life_demo::tests::send_input_to_finished_session_errors ... ok
test life_demo::tests::life_domain_session_succeeds_without_coding_pack ... ok

failures:

---- life_demo::tests::a_session_without_ask_human_refuses_input_as_not_permitted stdout ----

thread 'life_demo::tests::a_session_without_ask_human_refuses_input_as_not_permitted' (6632) panicked at crates\session\src\life_demo.rs:537:9:
assertion `left == right` failed
  left: Terminal
 right: NotPermitted
note: run with `RUST_BACKTRACE=1` environment variable to display a backtrace


failures:
    life_demo::tests::a_session_without_ask_human_refuses_input_as_not_permitted

test result: FAILED. 15 passed; 1 failed; 0 ignored; 0 measured; 0 filtered out; finished in 0.07s

error: test failed, to rerun pass `-p liberado-session --lib`

*** result: Failure(101)
